0.192: [GC 21918K->19883K(91520K), 0.1269440 secs]
0.491: [GC 43755K->38357K(115392K), 0.1656480 secs]
0.789: [GC 86101K->75349K(123264K), 0.2691350 secs]
1.059: [Full GC 75349K->75215K(197312K), 0.8278800 secs]
1.945: [GC 122959K->112079K(221568K), 0.2960940 secs]
2.241: [Full GC 112079K->111979K(289088K), 0.9995620 secs]
3.338: [GC 183979K->167507K(312576K), 0.3775260 secs]
3.716: [Full GC 167507K->167359K(402240K), 1.3736420 secs]
5.221: [GC 257354K->240986K(460032K), 0.3491550 secs]
5.686: [GC 325082K->298677K(477248K), 0.5787130 secs]
6.374: [GC 382699K->370997K(516672K), 0.6847290 secs]
7.059: [Full GC 370997K->353144K(684608K), 3.5869130 secs]
10.757: [GC 432646K->417445K(723968K), 1.2613870 secs]
12.161: [GC 501797K->487412K(749632K), 0.8103790 secs]
13.168: [GC-- 596596K->726347K(762112K), 1.6604490 secs]
14.829: [Full GC 726347K->483198K(961088K), 5.7296700 secs]
20.775: [Full GC 592382K->622755K(1138496K), 6.1278420 secs]
27.158: [GC 731939K->658243K(1138496K), 0.2218780 secs]
27.542: [GC 767427K->651979K(1171200K), 0.1758680 secs]
27.942: [GC 793867K->651387K(1171200K), 0.1794250 secs]
28.332: [GC 793275K->651155K(1199104K), 0.1893820 secs]
28.803: [GC 820947K->653915K(1060032K), 0.2098300 secs]
29.305: [GC 823707K->657595K(1200960K), 0.3059930 secs]
29.964: [GC 834235K->648539K(1194112K), 0.3999990 secs]
31.490: [GC 825179K->653979K(1204480K), 0.3109470 secs]
32.358: [GC 847067K->635099K(1198784K), 0.1404430 secs]
32.763: [GC 828187K->654907K(1215424K), 0.2181140 secs]
33.278: [GC 873531K->640379K(1213888K), 0.1106180 secs]
33.702: [GC 859003K->645499K(1227520K), 0.1317650 secs]
34.159: [GC 887483K->650875K(1227200K), 0.1763320 secs]
34.650: [GC 892859K->656123K(1235776K), 0.2123610 secs]
35.415: [GC 920571K->660475K(1236096K), 0.2185110 secs]
35.962: [GC 924923K->666171K(1251904K), 0.2040550 secs]
36.545: [GC 956475K->653659K(1249856K), 0.1782390 secs]
37.082: [GC 943963K->660603K(1263168K), 0.2001690 secs]
37.682: [GC 973563K->647515K(1262016K), 0.1314660 secs]
38.195: [GC 960475K->653587K(1275328K), 0.1492370 secs]
38.805: [GC 986771K->655955K(1275328K), 0.1672120 secs]
39.461: [GC 989139K->659163K(1282112K), 0.1861830 secs]
40.066: [GC 1007451K->655659K(1282112K), 0.1911050 secs]
40.691: [GC 1003947K->651475K(1292224K), 0.1580840 secs]
41.314: [GC 1014611K->642651K(1291328K), 0.1162150 secs]
41.895: [GC 1005787K->651827K(1296512K), 0.1720130 secs]
42.523: [GC 1024627K->630395K(1297536K), 0.0557520 secs]
43.144: [GC 1003195K->792531K(1207104K), 1.1540050 secs]
44.654: [GC 1073811K->900963K(1254848K), 1.0836930 secs]
45.738: [Full GC 900963K->511241K(1181440K), 7.7531090 secs]
54.125: [GC 792521K->620681K(1079168K), 1.0049460 secs]
55.543: [GC 799689K->668905K(1122880K), 1.4184790 secs]
57.401: [GC 847913K->698945K(1125696K), 1.4271330 secs]
59.339: [GC 868737K->756129K(1125696K), 1.9889010 secs]
61.683: [GC 925921K->795569K(1125696K), 1.4430820 secs]
63.428: [GC 965361K->817233K(1125696K), 1.3275550 secs]
65.048: [GC 987025K->821105K(1125696K), 1.2433720 secs]
66.677: [GC 990897K->807441K(1125696K), 0.9844450 secs]
67.950: [GC 977233K->794009K(1125696K), 0.9679210 secs]
69.198: [GC 963801K->816065K(1125696K), 0.8118470 secs]
70.010: [Full GC 816065K->632297K(1283520K), 9.0772400 secs]
79.462: [GC 802089K->651337K(1283520K), 0.1458780 secs]
79.888: [GC 821129K->656233K(1283520K), 0.1860990 secs]
80.341: [GC 826025K->660585K(1283520K), 0.1928930 secs]
80.815: [GC 830377K->664361K(1283520K), 0.2169280 secs]
81.306: [GC 834153K->668193K(1283520K), 0.2324780 secs]
81.825: [GC 837985K->654409K(1283520K), 0.2125260 secs]
82.302: [GC 824201K->658553K(1283520K), 0.2027170 secs]
82.779: [GC 828345K->645217K(1283520K), 0.1221150 secs]
83.224: [GC 815009K->648753K(1283520K), 0.1112680 secs]
83.731: [GC 818545K->653345K(1283520K), 0.1616730 secs]
84.156: [GC 823137K->639921K(1283520K), 0.0851620 secs]
84.558: [GC 809713K->661697K(1283520K), 0.2317960 secs]
85.061: [GC 831489K->647441K(1283520K), 0.1170940 secs]
85.456: [GC 817233K->651233K(1283520K), 0.1446970 secs]
85.859: [GC 821025K->655473K(1274944K), 0.1760740 secs]
86.306: [GC 825265K->660273K(1279232K), 0.2066890 secs]
86.791: [GC 830065K->664433K(1263936K), 0.2201010 secs]
87.366: [GC 848433K->661361K(1272896K), 0.2021460 secs]
87.873: [GC 845361K->640433K(1267712K), 0.0869050 secs]
88.310: [GC 838641K->648817K(1273472K), 0.1305990 secs]
88.779: [GC 847025K->655825K(1267328K), 0.1940600 secs]
89.339: [GC 869137K->656945K(1274560K), 0.2008210 secs]
89.885: [GC 870257K->659313K(1269760K), 0.1968730 secs]
90.458: [GC 889201K->654897K(1276736K), 0.1723590 secs]
90.982: [GC 884785K->669649K(1281792K), 0.2472230 secs]
91.714: [GC 917777K->661361K(1285184K), 0.1779860 secs]
92.289: [GC 909489K->672049K(1295872K), 0.3525900 secs]
93.091: [GC 940273K->753545K(1297024K), 1.0786280 secs]
94.583: [GC 1021769K->889657K(1226432K), 1.6967510 secs]
96.628: [GC 1059449K->948289K(1283520K), 1.1492250 secs]
98.043: [GC 1118081K->1007793K(1283520K), 1.7751090 secs]
100.254: [GC 1177585K->1011801K(1283520K), 1.1082260 secs]
101.650: [GC 1181593K->1015585K(1283520K), 1.0599340 secs]
103.001: [GC 1185377K->1020065K(1283520K), 1.1573750 secs]
104.524: [GC 1189857K->1024169K(1283520K), 1.1336930 secs]
105.948: [GC 1193961K->1028249K(1283520K), 1.0894110 secs]
107.037: [Full GC 1028249K->629720K(1313088K), 9.0380420 secs]
116.554: [GC 799512K->699768K(1313088K), 0.6273780 secs]
117.428: [GC 869560K->794616K(1313088K), 1.4226130 secs]
119.119: [GC 964408K->834352K(1313088K), 1.5801110 secs]
121.081: [GC 1004144K->839192K(1313088K), 1.3961270 secs]
122.778: [GC 1008984K->844008K(1313088K), 0.6512340 secs]
123.729: [GC 1013800K->848728K(1313088K), 0.2525410 secs]
124.317: [GC 1018520K->834504K(1313088K), 0.1866890 secs]
124.805: [GC 1004296K->821016K(1313088K), 0.0950140 secs]
125.164: [GC 990808K->844104K(1313088K), 0.2474250 secs]
125.698: [GC 1013896K->829488K(1313088K), 0.1305440 secs]
126.090: [GC 999280K->833856K(1313088K), 0.1874070 secs]
126.553: [GC 1003648K->819944K(1313088K), 0.0854870 secs]
126.904: [GC 989736K->843000K(1313088K), 0.2268230 secs]
127.425: [GC 1012792K->847808K(1313088K), 0.2478150 secs]
127.933: [GC 1017600K->833456K(1313088K), 0.1729370 secs]
128.423: [GC 1003248K->837944K(1313088K), 0.1900770 secs]
128.871: [GC 1007736K->860552K(1313088K), 0.3340720 secs]
129.495: [GC 1030344K->846264K(1176832K), 0.2548800 secs]
130.056: [GC 1016056K->831784K(1318016K), 0.2145600 secs]
130.576: [GC 1008488K->841200K(1178624K), 0.2405330 secs]
131.134: [GC 1017904K->850528K(1309760K), 0.2457920 secs]
131.698: [GC 1041056K->834608K(1306432K), 0.2713050 secs]
132.434: [GC 1025136K->836864K(1304128K), 0.2304920 secs]
133.035: [GC 1045312K->834496K(1311424K), 0.1904410 secs]
133.637: [GC 1042944K->832608K(1312768K), 0.2239250 secs]
134.287: [GC 1059872K->827072K(1318656K), 0.1672460 secs]
134.872: [GC 1054336K->839616K(1320832K), 0.2721240 secs]
135.638: [GC 1086912K->849664K(1327360K), 0.3366800 secs]
136.470: [GC 1096960K->841472K(1331584K), 0.2910620 secs]
137.251: [GC 1110784K->850688K(1337536K), 0.2253660 secs]
137.830: [GC 1120000K->858688K(1354944K), 0.2233760 secs]
138.425: [GC 1151680K->904416K(1355776K), 0.7756360 secs]
139.573: [GC 1197408K->1003744K(1281088K), 1.5334160 secs]
141.395: [GC 1206432K->1087048K(1329536K), 0.8247250 secs]
142.220: [Full GC 1087048K->509153K(1218496K), 7.4967860 secs]
150.071: [GC 711841K->569345K(1185600K), 0.5443180 secs]
150.843: [GC 739137K->610273K(1202048K), 0.7700360 secs]
151.895: [GC 780065K->651041K(1202048K), 0.9472980 secs]
153.197: [GC 820833K->655393K(1202048K), 1.4258640 secs]
155.052: [GC 825185K->659409K(1202048K), 1.3934020 secs]
156.796: [GC 829201K->646001K(1202048K), 0.4415440 secs]
157.520: [GC 815793K->687169K(1202048K), 0.5181490 secs]
158.409: [GC 856961K->727289K(1202048K), 0.9535620 secs]
159.682: [GC 897081K->768297K(1202048K), 1.0875080 secs]
161.066: [GC 938089K->845033K(1119936K), 1.5330730 secs]
162.989: [GC 1014825K->849465K(1203392K), 0.9171680 secs]
163.907: [Full GC 849465K->635295K(1359424K), 9.6734220 secs]
174.041: [GC 808031K->676575K(1232576K), 0.3412040 secs]
174.709: [GC 849311K->664191K(1357952K), 0.3001990 secs]
175.302: [GC 843071K->657327K(1355008K), 0.2126360 secs]
175.822: [GC 836207K->668247K(1365056K), 0.2938690 secs]
176.466: [GC 864599K->655367K(1364864K), 0.1916380 secs]
177.010: [GC 851719K->661495K(1371520K), 0.2721910 secs]
177.762: [GC 874039K->661543K(1372992K), 0.3014540 secs]
178.406: [GC 874087K->662231K(1378816K), 0.2207760 secs]
179.058: [GC 892823K->641599K(1380544K), 0.0958210 secs]
179.607: [GC 872191K->657215K(1385664K), 0.2210120 secs]
180.297: [GC 905535K->648831K(1390976K), 0.1541410 secs]
180.943: [GC 897151K->641887K(1396224K), 0.0973390 secs]
181.559: [GC 906911K->684159K(1400640K), 0.4272910 secs]
182.591: [GC 949183K->653855K(1399232K), 0.1947530 secs]
183.271: [GC 931871K->670239K(1405760K), 0.3114040 secs]
184.098: [GC 948255K->666335K(1406528K), 0.2627600 secs]
184.922: [GC 964319K->659935K(1412288K), 0.2469350 secs]
185.742: [GC 957919K->670975K(1421376K), 0.2738350 secs]
186.657: [GC 993407K->667263K(1427264K), 0.2719820 secs]
187.487: [GC 989695K->662815K(1432960K), 0.2694070 secs]
188.316: [GC 1004639K->656095K(1437632K), 0.2042960 secs]
189.148: [GC 997919K->738775K(1408384K), 0.8827510 secs]
190.667: [GC 1053847K->892415K(1430720K), 1.7986620 secs]
193.022: [GC 1207487K->1026503K(1285440K), 1.9112940 secs]
194.935: [Full GC 1026503K->625949K(1285440K), 10.2759310 secs]
205.641: [GC 795741K->637821K(1358080K), 0.1438000 secs]
206.061: [GC 807613K->660221K(1358080K), 0.3029750 secs]
206.710: [GC 830013K->646717K(1358080K), 0.2339740 secs]
207.250: [GC 816509K->687485K(1358080K), 0.6292100 secs]
208.209: [GC 857277K->745821K(1358080K), 1.2052610 secs]
209.864: [GC 915613K->786589K(1358080K), 1.4594020 secs]
211.628: [GC 956381K->845741K(1358080K), 2.0764620 secs]
214.097: [GC 1015533K->813477K(1358080K), 1.4643010 secs]
215.886: [GC 983269K->836037K(1358080K), 1.3171360 secs]
217.641: [GC 1005829K->840645K(1358080K), 0.6789930 secs]
218.648: [GC 1010437K->844701K(1358080K), 0.3166670 secs]
219.299: [GC 1014493K->831277K(1358080K), 0.2172240 secs]
219.818: [GC 1001069K->834613K(1358080K), 0.2718310 secs]
220.390: [GC 1004405K->820933K(1358080K), 0.1367000 secs]
220.862: [GC 990725K->825717K(1358080K), 0.2045980 secs]
221.434: [GC 995509K->848293K(1358080K), 0.3227490 secs]
222.089: [GC 1018085K->852277K(1358080K), 0.3658090 secs]
222.762: [GC 1022069K->819813K(1358080K), 0.1602880 secs]
223.211: [GC 989605K->842357K(1221696K), 0.2475920 secs]
223.784: [GC 1012149K->846813K(1365184K), 0.3393730 secs]
224.435: [GC 1026397K->840301K(1229376K), 0.2289260 secs]
225.003: [GC 1019885K->834517K(1359488K), 0.1869630 secs]
225.595: [GC 1025301K->818853K(1352704K), 0.1256030 secs]
226.068: [GC 1009637K->821301K(1355840K), 0.1060500 secs]
226.530: [GC 1030069K->837461K(1361792K), 0.2464630 secs]
227.128: [GC 1046229K->835653K(1360320K), 0.2336000 secs]
227.781: [GC 1064837K->832085K(1367168K), 0.2139920 secs]
228.415: [GC 1061269K->828677K(1371776K), 0.1812780 secs]
229.016: [GC 1079557K->841157K(1377536K), 0.2433820 secs]
229.913: [GC 1092037K->835973K(1380992K), 0.2255380 secs]
230.646: [GC 1109893K->829605K(1387584K), 0.1901450 secs]
231.322: [GC 1103525K->841669K(1398016K), 0.2789020 secs]
232.098: [GC 1140677K->837381K(1403008K), 0.2013810 secs]
232.783: [GC 1136389K->831877K(1417984K), 0.2220230 secs]
233.624: [GC 1157829K->847237K(1421568K), 0.3270100 secs]
234.466: [GC 1173189K->919165K(1403008K), 1.0162410 secs]
235.986: [GC 1228349K->1048861K(1427776K), 1.7078830 secs]
237.695: [Full GC 1048861K->475334K(1339648K), 12.7850070 secs]
251.125: [GC 784518K->596558K(1200384K), 1.4315570 secs]
253.094: [GC 766478K->672670K(1270016K), 2.0264520 secs]
255.818: [GC 842590K->712486K(1269888K), 2.6643280 secs]
259.122: [GC 882278K->771494K(1269952K), 3.0111800 secs]
262.795: [GC 941286K->812574K(1269952K), 2.3951220 secs]
265.760: [GC 982366K->816622K(1269952K), 1.9683040 secs]
268.511: [GC 986414K->820958K(1269952K), 1.7312670 secs]
270.845: [GC 990750K->841926K(1269952K), 0.5613710 secs]
271.954: [GC 1011718K->809614K(1269952K), 0.2754040 secs]
272.657: [GC 979406K->814334K(1269952K), 0.3168550 secs]
273.431: [GC 984126K->837358K(1269952K), 0.3426370 secs]
274.290: [GC 1007150K->823350K(1269952K), 0.6442510 secs]
275.779: [GC 993142K->809574K(1269952K), 0.5154180 secs]
276.870: [GC 979366K->831798K(1269952K), 0.4878360 secs]
277.918: [GC 1001590K->799558K(1269952K), 0.0950550 secs]
278.486: [GC 969350K->821686K(1269952K), 0.4999880 secs]
279.500: [GC 991478K->843430K(1269952K), 0.4576470 secs]
280.320: [GC 1013222K->811062K(1116288K), 0.2774880 secs]
280.960: [GC 980854K->833510K(1277568K), 0.3575780 secs]
281.837: [GC 1013606K->827766K(1143232K), 0.4000230 secs]
282.795: [GC 1007862K->821478K(1271040K), 0.4206030 secs]
283.803: [GC 1012198K->823094K(1264064K), 0.3596280 secs]
284.658: [GC 1013814K->825990K(1262848K), 0.3626200 secs]
285.542: [GC 1037382K->826166K(1270208K), 0.3411720 secs]
286.455: [GC 1037558K->826046K(1272576K), 0.3682630 secs]
287.386: [GC 1059966K->807726K(1279296K), 0.2478620 secs]
288.150: [GC 1041646K->824958K(1288192K), 0.3640510 secs]
289.166: [GC 1083262K->807022K(1294336K), 0.1021060 secs]
289.817: [GC 1065326K->807950K(1306944K), 0.1425770 secs]
290.428: [GC 1089678K->826190K(1311552K), 0.2910360 secs]
291.274: [GC 1107918K->826446K(1319808K), 0.3006270 secs]
292.126: [GC 1134990K->810702K(1325568K), 0.1919280 secs]
292.894: [GC 1119246K->832526K(1347456K), 0.3281210 secs]
293.883: [GC 1170318K->822574K(1349376K), 0.2589840 secs]
294.854: [GC 1160366K->847790K(1352320K), 0.5000590 secs]
295.971: [GC 1193006K->1025262K(1370560K), 1.7399130 secs]
297.711: [Full GC 1025262K->466159K(1382912K), 10.2489230 secs]
308.794: [GC 811375K->603071K(1210880K), 1.3322340 secs]
310.533: [GC 772863K->680223K(1296896K), 1.0974960 secs]
311.941: [GC 850015K->702967K(1296896K), 1.3608810 secs]
313.712: [GC 872759K->762207K(1296896K), 1.9017280 secs]
316.122: [GC 931999K->802447K(1296896K), 2.1199080 secs]
318.562: [GC 972239K->843015K(1296896K), 1.3787750 secs]
320.336: [GC 1012807K->828335K(1296896K), 0.7776760 secs]
321.427: [GC 998127K->833063K(1296896K), 0.2821870 secs]
322.034: [GC 1002855K->837783K(1296896K), 0.2957630 secs]
322.649: [GC 1007575K->823495K(1296896K), 0.2075690 secs]
323.128: [GC 993287K->846327K(1296896K), 0.3414990 secs]
323.806: [GC 1016119K->814727K(1296896K), 0.1634020 secs]
324.342: [GC 984519K->836895K(1296896K), 0.3502740 secs]
325.051: [GC 1006687K->823495K(1296896K), 0.2176050 secs]
325.544: [GC 993287K->827927K(1296896K), 0.2617130 secs]
326.120: [GC 997719K->832447K(1296896K), 0.2746670 secs]
326.717: [GC 1002239K->819023K(1292672K), 0.2020980 secs]
327.202: [GC 988815K->842111K(1167936K), 0.3413700 secs]
327.829: [GC 1011903K->827951K(1297600K), 0.2599900 secs]
328.491: [GC 1011247K->825023K(1290752K), 0.2342700 secs]
329.055: [GC 1008319K->839503K(1290752K), 0.3157020 secs]
329.731: [GC 1044495K->834279K(1296960K), 0.2775240 secs]
330.406: [GC 1039271K->830167K(1300672K), 0.2566890 secs]
331.042: [GC 1058967K->824991K(1307264K), 0.2543700 secs]
331.739: [GC 1053791K->820719K(1318016K), 0.1719230 secs]
332.433: [GC 1074863K->817919K(1323328K), 0.1915010 secs]
333.077: [GC 1072063K->833319K(1333376K), 0.2654130 secs]
333.896: [GC 1114727K->815863K(1339968K), 0.1535850 secs]
334.572: [GC 1097271K->816711K(1356672K), 0.1735910 secs]
335.337: [GC 1125895K->818391K(1361088K), 0.1898860 secs]
336.142: [GC 1127575K->821575K(1362688K), 0.3706590 secs]
337.101: [GC 1145735K->836055K(1367616K), 0.2927940 secs]
338.054: [GC 1160215K->814791K(1374080K), 0.1873020 secs]
338.910: [GC 1155463K->897527K(1377984K), 1.0110350 secs]
340.983: [GC 1238199K->1071519K(1241344K), 2.5195840 secs]
343.503: [Full GC 1071519K->506160K(1276992K), 10.7998920 secs]
354.679: [GC 675952K->607856K(1358080K), 0.7838920 secs]
355.736: [GC 777648K->630792K(1357568K), 0.8934510 secs]
356.979: [GC 800584K->635104K(1215616K), 0.3817790 secs]
357.627: [GC 804896K->638480K(1359424K), 0.2357310 secs]
358.182: [GC 815312K->630328K(1353152K), 0.1866900 secs]
358.749: [GC 807160K->657800K(1359616K), 0.3507740 secs]
359.406: [GC 855240K->702176K(1358720K), 0.8648950 secs]
360.641: [GC 899616K->746712K(1375296K), 0.8611770 secs]
361.998: [GC 970200K->792752K(1377728K), 1.0881390 secs]
363.536: [GC 1016240K->819912K(1381184K), 0.7982400 secs]
364.746: [GC 1060808K->824008K(1386368K), 0.4662090 secs]
365.598: [GC 1064904K->827224K(1390400K), 0.2476100 secs]
366.327: [GC 1086424K->826952K(1396352K), 0.2592620 secs]
367.245: [GC 1086152K->827096K(1398976K), 0.2939650 secs]
368.066: [GC 1103576K->804424K(1404864K), 0.1824810 secs]
368.687: [GC 1080904K->800152K(1416384K), 0.1212340 secs]
369.306: [GC 1090200K->806368K(1417408K), 0.1702170 secs]
370.057: [GC 1096416K->813808K(1412224K), 0.2357000 secs]
370.933: [GC 1108016K->806208K(1414848K), 0.1790970 secs]
371.601: [GC 1100416K->797552K(1422720K), 0.1081770 secs]
372.202: [GC 1105584K->817968K(1424064K), 0.2486760 secs]
373.042: [GC 1126000K->802968K(1427584K), 0.1517180 secs]
373.701: [GC 1121368K->795384K(1425856K), 0.0820730 secs]
374.306: [GC 1113784K->824760K(1435520K), 0.3187440 secs]
375.399: [GC 1157880K->809256K(1435456K), 0.1730290 secs]
376.183: [GC 1142376K->813000K(1439040K), 0.2039340 secs]
377.010: [GC 1158728K->826184K(1439488K), 0.3198290 secs]
377.919: [GC 1171912K->910648K(1394880K), 1.2719740 secs]
379.957: [GC 1213304K->1012768K(1424512K), 1.9078040 secs]
382.538: [GC 1315424K->1084704K(1291648K), 1.6708090 secs]
384.210: [Full GC 1084704K->530048K(1291648K), 10.4782800 secs]
395.127: [GC 699840K->589792K(1358080K), 0.6702560 secs]
396.172: [GC 759584K->648768K(1358080K), 0.9134860 secs]
397.371: [GC 818560K->634424K(1358080K), 0.8746570 secs]
398.564: [GC 804216K->638152K(1358080K), 0.2678590 secs]
399.224: [GC 807944K->642072K(1227392K), 0.2896870 secs]
399.914: [GC 811864K->627944K(1356992K), 0.2783180 secs]
400.486: [GC 802344K->690016K(1352384K), 0.9512790 secs]
401.756: [GC 864416K->715504K(1356864K), 1.2553120 secs]
403.458: [GC 908592K->791904K(1358976K), 1.2637800 secs]
405.118: [GC 984992K->813856K(1363968K), 1.1794580 secs]
406.681: [GC 1029536K->817320K(1372736K), 0.6329160 secs]
407.786: [GC 1033000K->820184K(1377856K), 0.2939180 secs]
408.521: [GC 1055576K->820808K(1385152K), 0.3626860 secs]
409.522: [GC 1056200K->821176K(1384576K), 0.3295630 secs]
410.352: [GC 1072376K->815464K(1392064K), 0.2395750 secs]
411.205: [GC 1066664K->810520K(1396032K), 0.1824850 secs]
411.883: [GC 1078744K->818472K(1402560K), 0.2891390 secs]
412.632: [GC 1086696K->807928K(1404672K), 0.2438220 secs]
413.410: [GC 1090296K->827424K(1409280K), 0.4080960 secs]
414.390: [GC 1109792K->809360K(1415872K), 0.2394430 secs]
415.250: [GC 1108304K->823008K(1416768K), 0.3794060 secs]
416.287: [GC 1121952K->819216K(1424384K), 0.2844360 secs]
417.177: [GC 1134992K->809760K(1424128K), 0.2453900 secs]
417.977: [GC 1125536K->817264K(1432960K), 0.2877090 secs]
418.902: [GC 1149296K->820928K(1434176K), 0.3767890 secs]
419.866: [GC 1152960K->805880K(1442560K), 0.1600120 secs]
420.618: [GC 1150520K->819560K(1441216K), 0.2452190 secs]
421.454: [GC 1164200K->813816K(1447104K), 0.2493460 secs]
422.367: [GC 1168312K->870600K(1444480K), 0.8131670 secs]
423.751: [GC 1225096K->1054320K(1288320K), 2.2661010 secs]
426.017: [Full GC 1054320K->504889K(1288320K), 10.4573440 secs]
436.912: [GC 691321K->586041K(1366400K), 0.7427580 secs]
438.020: [GC 772473K->622057K(1350272K), 1.1731280 secs]
439.565: [GC 811049K->641801K(1359616K), 0.6367910 secs]
440.609: [GC 830793K->643193K(1363264K), 0.2962140 secs]
441.259: [GC 851961K->641969K(1371328K), 0.2669330 secs]
441.946: [GC 850737K->639873K(1371520K), 0.2283770 secs]
442.566: [GC 865601K->632401K(1379456K), 0.1947780 secs]
443.145: [GC 858129K->698593K(1384064K), 0.8529900 secs]
444.395: [GC 932257K->734945K(1390016K), 1.1509200 secs]
446.074: [GC 968609K->825505K(1376640K), 1.2254650 secs]
447.690: [GC 1047777K->815841K(1384320K), 0.8612710 secs]
449.037: [GC 1038113K->824913K(1372608K), 0.2853450 secs]
449.720: [GC 1049553K->835489K(1379648K), 0.3330460 secs]
450.430: [GC 1060129K->826953K(1381376K), 0.3175120 secs]
451.221: [GC 1069961K->815641K(1386560K), 0.2209860 secs]
451.895: [GC 1058649K->839305K(1385856K), 0.3243980 secs]
452.757: [GC 1101513K->825081K(1395456K), 0.2717250 secs]
453.454: [GC 1087289K->829097K(1398848K), 0.3164730 secs]
454.340: [GC 1113257K->813081K(1408128K), 0.1695950 secs]
455.072: [GC 1097241K->815921K(1414528K), 0.2173330 secs]
455.854: [GC 1116337K->830497K(1419456K), 0.2965500 secs]
456.832: [GC 1130913K->827761K(1418624K), 0.2791420 secs]
457.666: [GC 1141745K->814881K(1422592K), 0.2046890 secs]
458.480: [GC 1128865K->822289K(1428416K), 0.2477940 secs]
459.306: [GC 1153617K->824801K(1433984K), 0.2613780 secs]
460.235: [GC 1156129K->809841K(1439744K), 0.1654410 secs]
461.135: [GC 1154929K->821601K(1442496K), 0.2052880 secs]
461.921: [GC 1166689K->796281K(1447168K), 0.0441550 secs]
462.629: [GC 1149689K->798649K(1448064K), 0.0858850 secs]
