2.155: [GC 23872K->12680K(91520K), 0.0310870 secs]
2.837: [GC 36552K->20068K(115392K), 0.0269800 secs]
3.930: [GC 67812K->17580K(115392K), 0.0134260 secs]
4.549: [GC 65324K->18636K(163136K), 0.0174120 secs]
5.122: [GC 114124K->20580K(163136K), 0.0325730 secs]
5.623: [GC 116068K->23588K(267456K), 0.0371350 secs]
7.050: [GC 214564K->29392K(268608K), 0.1394570 secs]
8.325: [GC 220368K->33616K(459072K), 0.0951070 secs]
11.776: [GC 413200K->43162K(461440K), 0.2278450 secs]
13.834: [GC 422746K->52814K(544960K), 0.1563440 secs]
16.503: [GC 510478K->63805K(547136K), 0.2572940 secs]
16.761: [Full GC 63805K->52534K(586368K), 1.5194180 secs]
20.524: [GC 510198K->63798K(582976K), 0.1191250 secs]
23.119: [GC 522806K->81023K(585088K), 0.2669210 secs]
25.587: [GC 540031K->91910K(584960K), 0.3009760 secs]
28.131: [GC 546886K->102898K(569152K), 0.2504250 secs]
28.382: [Full GC 102898K->98419K(644288K), 3.2326770 secs]
34.079: [GC 553395K->109651K(660096K), 0.1538360 secs]
36.701: [GC 565779K->120915K(659008K), 0.2430060 secs]
39.457: [GC 577043K->139133K(642560K), 0.3867200 secs]
42.326: [GC 576317K->153445K(642560K), 0.3682470 secs]
44.935: [GC 590629K->164293K(637888K), 0.3251890 secs]
47.638: [GC 585989K->174539K(643520K), 0.4309210 secs]
48.070: [Full GC 174539K->165625K(741632K), 6.3005360 secs]
56.550: [GC 587321K->176249K(738432K), 0.1858170 secs]
58.907: [GC 599609K->185689K(740864K), 0.2050840 secs]
61.435: [GC 609049K->196249K(741184K), 0.2269810 secs]
76.598: [GC 621657K->206201K(742208K), 0.3693560 secs]
79.391: [GC 631609K->212097K(720832K), 0.3439960 secs]
81.799: [GC 613569K->217857K(726592K), 0.3758800 secs]
84.795: [GC 619329K->223521K(710464K), 0.4027750 secs]
87.117: [GC 599009K->229985K(712768K), 0.4208240 secs]
89.448: [GC 605473K->235297K(692032K), 0.4847150 secs]
91.654: [GC 578529K->240161K(690688K), 0.4992520 secs]
94.260: [GC 583393K->244993K(677504K), 0.5817060 secs]
96.566: [GC 555073K->249409K(666752K), 0.5589480 secs]
98.671: [GC 559489K->253584K(668992K), 0.5801430 secs]
100.697: [GC 538704K->258580K(633536K), 0.5780710 secs]
102.949: [GC 543700K->262228K(675712K), 0.5721660 secs]
105.241: [GC 547668K->266284K(610752K), 0.5316800 secs]
107.191: [GC 551724K->270244K(669504K), 0.5068070 secs]
109.119: [GC 559012K->274348K(666176K), 0.3829470 secs]
111.241: [GC 563116K->278436K(680064K), 0.3915510 secs]
113.112: [GC 583396K->283791K(678528K), 0.3094130 secs]
113.422: [Full GC 283791K->231713K(763392K), 5.9245910 secs]
120.834: [GC 536673K->236033K(768192K), 0.0769370 secs]
122.750: [GC 547073K->240417K(770048K), 0.1203160 secs]
124.694: [GC 551457K->244769K(768704K), 0.1447160 secs]
126.704: [GC 558177K->249185K(770560K), 0.1822700 secs]
128.420: [GC 562593K->254657K(766976K), 0.2144140 secs]
130.601: [GC 574657K->259201K(769984K), 0.2469290 secs]
132.622: [GC 579201K->263969K(772800K), 0.3107000 secs]
134.812: [GC 600033K->268833K(776192K), 0.3461840 secs]
137.111: [GC 604897K->268801K(785280K), 0.3265100 secs]
138.794: [GC 622721K->268833K(788480K), 0.2744300 secs]
140.375: [GC 622753K->268801K(791360K), 0.3063490 secs]
141.835: [GC 633537K->268833K(794368K), 0.2732920 secs]
143.446: [GC 633569K->268833K(796736K), 0.3004250 secs]
145.020: [GC 643169K->268833K(799552K), 0.2792230 secs]
146.729: [GC 643169K->268833K(801536K), 0.2696140 secs]
148.372: [GC 651681K->268881K(804224K), 0.3018060 secs]
149.986: [GC 651729K->268889K(806848K), 0.2665730 secs]
151.505: [GC 659609K->268929K(808640K), 0.2296870 secs]
153.214: [GC 659649K->268921K(812800K), 0.2166240 secs]
154.706: [GC 664953K->268861K(813376K), 0.1547880 secs]
156.124: [GC 664893K->268909K(811904K), 0.1225000 secs]
157.489: [GC 662957K->268933K(760064K), 0.1016430 secs]
158.845: [GC 662981K->268941K(809536K), 0.0681180 secs]
160.140: [GC 658893K->268925K(751040K), 0.0278010 secs]
161.385: [GC 658877K->268933K(810752K), 0.0187990 secs]
162.840: [GC 658757K->269165K(751168K), 0.0465470 secs]
166.329: [GC 658989K->276949K(812160K), 0.1629150 secs]
169.111: [GC 669461K->282525K(767232K), 0.1630040 secs]
171.481: [GC 675037K->288069K(810496K), 0.2485660 secs]
174.304: [GC 685189K->293741K(808064K), 0.2335560 secs]
177.348: [GC 690861K->299349K(816064K), 0.3133680 secs]
180.493: [GC 704597K->305093K(802496K), 0.3205530 secs]
183.401: [GC 710341K->310829K(806272K), 0.3815820 secs]
186.257: [GC 701293K->316373K(798976K), 0.3903530 secs]
188.889: [GC 706837K->321885K(792512K), 0.4673460 secs]
191.660: [GC 688413K->327045K(785664K), 0.5393200 secs]
194.276: [GC 693573K->332237K(777408K), 0.6154040 secs]
197.038: [GC 670349K->336981K(767168K), 0.6195600 secs]
199.745: [GC 675093K->341725K(762176K), 0.6304220 secs]
202.179: [GC 649885K->346117K(746176K), 0.5185720 secs]
204.570: [GC 654277K->350493K(757632K), 0.5939820 secs]
207.485: [GC 639197K->354557K(760000K), 0.6625170 secs]
209.798: [GC 643261K->358669K(750528K), 0.7443450 secs]
212.607: [GC 648589K->362765K(755840K), 0.4311860 secs]
214.615: [GC 652685K->366861K(758080K), 0.4269400 secs]
216.700: [GC 671501K->371197K(761792K), 0.3503360 secs]
218.709: [GC 675837K->375493K(769408K), 0.3632770 secs]
219.073: [Full GC 375493K->250369K(800320K), 4.8134760 secs]
225.861: [GC 569921K->255169K(803264K), 0.0801580 secs]
228.080: [GC 574721K->259649K(807424K), 0.1167840 secs]
229.748: [GC 581377K->261473K(724800K), 0.1161470 secs]
230.931: [GC 583201K->261473K(808000K), 0.1175200 secs]
232.066: [GC 584929K->261473K(806272K), 0.0934070 secs]
233.180: [GC 584929K->261473K(807744K), 0.1385970 secs]
234.527: [GC 589793K->261505K(806336K), 0.1194280 secs]
235.698: [GC 589825K->261473K(812096K), 0.1126660 secs]
236.901: [GC 600161K->261505K(810880K), 0.1287180 secs]
238.185: [GC 600193K->261473K(817728K), 0.1327420 secs]
239.631: [GC 612193K->261505K(816576K), 0.0891720 secs]
240.962: [GC 612225K->261505K(824064K), 0.1179560 secs]
242.345: [GC 624961K->261505K(822848K), 0.0880830 secs]
243.883: [GC 624961K->261473K(830656K), 0.1581010 secs]
245.350: [GC 637665K->261537K(829376K), 0.1588320 secs]
246.944: [GC 637729K->261553K(837760K), 0.1144560 secs]
248.597: [GC 649137K->261569K(835648K), 0.0755140 secs]
250.245: [GC 649153K->261585K(842816K), 0.0787140 secs]
251.578: [GC 657809K->261593K(841472K), 0.0078300 secs]
252.845: [GC 657817K->261633K(846016K), 0.0123220 secs]
254.434: [GC 664769K->261617K(844864K), 0.0141050 secs]
257.536: [GC 664753K->268345K(848000K), 0.1410710 secs]
260.086: [GC 679993K->274177K(848128K), 0.1992010 secs]
262.680: [GC 685825K->280073K(854464K), 0.2025020 secs]
265.323: [GC 700425K->285969K(854400K), 0.2909440 secs]
268.240: [GC 706321K->291969K(850112K), 0.3065690 secs]
270.884: [GC 706113K->297801K(842304K), 0.3001950 secs]
274.083: [GC 711945K->303665K(836864K), 0.3312030 secs]
277.055: [GC 696177K->309241K(832128K), 0.3984230 secs]
279.589: [GC 701753K->314793K(821504K), 0.4535730 secs]
282.619: [GC 679273K->319921K(814720K), 0.4610410 secs]
285.263: [GC 684401K->325113K(805376K), 0.4590990 secs]
287.766: [GC 658489K->329761K(793472K), 0.2064690 secs]
288.992: [GC 663137K->334473K(789696K), 0.2176360 secs]
290.199: [GC 636489K->338737K(771072K), 0.2318960 secs]
291.376: [GC 640753K->342969K(775168K), 0.2382670 secs]
292.273: [GC 615033K->346741K(736640K), 0.2381400 secs]
293.154: [GC 618805K->350581K(781696K), 0.2240740 secs]
294.006: [GC 619381K->354437K(717376K), 0.1936480 secs]
294.830: [GC 623237K->358229K(781440K), 0.1986660 secs]
295.671: [GC 632981K->362093K(775488K), 0.1560910 secs]
296.490: [GC 636845K->366013K(785344K), 0.1350650 secs]
297.304: [GC 654781K->370069K(782272K), 0.1369890 secs]
298.121: [GC 658837K->374485K(796224K), 0.1130730 secs]
298.977: [GC 679445K->378781K(794304K), 0.1050110 secs]
299.733: [GC 683741K->380037K(801152K), 0.0941700 secs]
300.370: [GC 693509K->380093K(800192K), 0.0678850 secs]
300.945: [GC 693565K->380101K(805568K), 0.0369850 secs]
301.414: [GC 699141K->380133K(805248K), 0.0256000 secs]
301.870: [GC 699173K->380133K(804736K), 0.0289340 secs]
302.337: [GC 701925K->380133K(805120K), 0.0231890 secs]
302.862: [GC 701925K->380101K(806336K), 0.0261620 secs]
303.333: [GC 708869K->380101K(807104K), 0.0231760 secs]
303.829: [GC 708869K->380101K(810624K), 0.0230650 secs]
304.616: [GC 719557K->380133K(811584K), 0.0283550 secs]
305.858: [GC 719589K->380133K(816448K), 0.0990730 secs]
307.061: [GC 732325K->380133K(817536K), 0.0551410 secs]
308.229: [GC 732325K->380133K(823360K), 0.0647870 secs]
309.566: [GC 746021K->380101K(824384K), 0.0844660 secs]
310.815: [GC 745989K->380165K(831744K), 0.1027440 secs]
312.270: [GC 759685K->380165K(832000K), 0.0421990 secs]
313.588: [GC 759685K->380181K(837760K), 0.0344940 secs]
314.844: [GC 770837K->380157K(838080K), 0.0379910 secs]
316.117: [GC 770813K->380189K(842816K), 0.0195000 secs]
317.684: [GC 781149K->380893K(843072K), 0.0760380 secs]
321.374: [GC 781853K->390981K(847808K), 0.1921600 secs]
324.401: [GC 802693K->396869K(848128K), 0.2173240 secs]
327.292: [GC 808581K->402701K(854208K), 0.2867600 secs]
329.969: [GC 820941K->408589K(838656K), 0.2727670 secs]
333.033: [GC 826829K->414581K(843392K), 0.3531040 secs]
335.694: [GC 817333K->420221K(834816K), 0.3542440 secs]
338.305: [GC 822973K->425965K(829376K), 0.3717640 secs]
341.223: [GC 804525K->431317K(821696K), 0.3966970 secs]
344.004: [GC 809877K->436701K(813952K), 0.4222960 secs]
346.754: [GC 786333K->441605K(803008K), 0.4857500 secs]
349.589: [GC 791237K->446509K(798272K), 0.4805560 secs]
352.000: [GC 765421K->451029K(781696K), 0.5645080 secs]
