0.447: [GC pause (young) 40M->36M(94M), 0.2188470 secs]
0.726: [GC pause (young) 51M->48M(188M), 0.1857880 secs]
1.115: [GC pause (young) 82M->75M(376M), 0.2791710 secs]
1.688: [GC pause (young) 145M->129M(600M), 0.3928070 secs]
2.421: [GC pause (young) 256M->232M(779M), 1.3283060 secs]
4.684: [GC pause (young) 398M->366M(922M), 1.3371750 secs]
7.305: [GC pause (young) 569M->531M(1036M), 1.7076880 secs]
10.093: [GC pause (young) (initial-mark) 715M->674M(1128M), 2.2746260 secs]
12.368: [GC concurrent-root-region-scan-start]
12.518: [GC concurrent-root-region-scan-end, 0.1504830]
12.518: [GC concurrent-mark-start]
14.144: [GC pause (young) 873M->683M(1201M), 0.6238540 secs]
15.759: [GC pause (young) 913M->701M(1260M), 0.2387620 secs]
17.557: [GC pause (young) 926M->716M(1307M), 0.2834070 secs]
18.489: [GC pause (young) 945M->726M(1344M), 0.3052080 secs]
19.427: [GC pause (young) 961M->704M(1374M), 0.1164740 secs]
20.183: [GC pause (young) 966M->730M(1398M), 0.2632640 secs]
21.065: [GC pause (young) 974M->708M(1417M), 0.1507730 secs]
21.766: [GC pause (young) 977M->722M(1432M), 0.1940710 secs]
22.633: [GC pause (young) 980M->727M(1444M), 0.2245540 secs]
23.559: [GC pause (young) 982M->713M(1454M), 0.2191980 secs]
24.451: [GC pause (young) 985M->711M(1462M), 0.1477690 secs]
25.375: [GC pause (young) 987M->712M(1468M), 0.1673180 secs]
26.916: [GC pause (young) 987M->713M(1473M), 0.2353910 secs]
28.217: [GC pause (young) 989M->732M(1477M), 0.3815630 secs]
29.654: [GC pause (young) 990M->701M(1480M), 0.1166420 secs]
30.725: [GC pause (young) 990M->713M(1483M), 0.2370930 secs]
32.056: [GC pause (young) 991M->716M(1485M), 0.2475510 secs]
33.365: [GC pause (young) 992M->735M(1487M), 0.4433670 secs]
34.717: [GC pause (young) 994M->725M(1488M), 0.3481800 secs]
36.131: [GC pause (young) 994M->721M(1489M), 0.2632060 secs]
37.408: [GC pause (young) 994M->720M(1490M), 0.2972790 secs]
38.673: [GC pause (young) 995M->738M(1491M), 0.4484250 secs]
40.160: [GC pause (young) 998M->730M(1492M), 0.2729080 secs]
40.798: [GC concurrent-mark-end, 28.2797970 sec]
40.801: [GC remark, 0.0224830 secs]
40.849: [GC cleanup 841M->787M(1492M), 0.0133010 secs]
40.863: [GC concurrent-cleanup-start]
40.863: [GC concurrent-cleanup-end, 0.0002240]
41.397: [GC pause (young) 943M->670M(1492M), 0.2746880 secs]
42.469: [GC pause (young) 943M->669M(1492M), 0.2265180 secs]
43.572: [GC pause (young) 943M->687M(1492M), 0.3598650 secs]
44.692: [GC pause (young) 947M->818M(1492M), 1.7933730 secs]
47.270: [GC pause (young) (initial-mark) 1078M->1006M(1492M), 2.8851740 secs]
50.156: [GC concurrent-root-region-scan-start]
50.589: [GC concurrent-root-region-scan-end, 0.4325280]
50.589: [GC concurrent-mark-start]
51.044: [GC pause (young) 1266M->1155M(1492M), 2.6314340 secs]
54.521: [GC pause (young)-- 1415M->1248M(1492M), 2.4247920 secs]
58.150: [GC pause (young)-- 1491M->1288M(1492M), 3.6798590 secs]
63.119: [GC pause (young)-- 1491M->1357M(1492M), 2.6460300 secs]
66.564: [GC pause (young)-- 1491M->1395M(1492M), 1.2119190 secs]
68.097: [GC pause (young)-- 1491M->1453M(1492M), 2.5724880 secs]
71.084: [GC pause (young)-- 1491M->1480M(1492M), 1.1497610 secs]
72.293: [GC pause (young)-- 1491M->1491M(1492M), 0.6103700 secs]
72.933: [GC pause (young) 1491M->1491M(1492M), 0.0438280 secs]
72.981: [Full GC 1491M->608M(1492M), 5.8439000 secs]
78.826: [GC concurrent-mark-abort]
79.782: [GC pause (young) 906M->632M(1492M), 0.2209690 secs]
80.681: [GC pause (young) 906M->632M(1492M), 0.2326780 secs]
81.659: [GC pause (young) 906M->632M(1492M), 0.2198140 secs]
82.607: [GC pause (young) 906M->632M(1492M), 0.2394260 secs]
83.666: [GC pause (young) 906M->614M(1492M), 0.0873420 secs]
84.487: [GC pause (young) 906M->628M(1492M), 0.2475170 secs]
85.477: [GC pause (young) 906M->648M(1492M), 0.3516710 secs]
86.686: [GC pause (young) 908M->639M(1492M), 0.2956550 secs]
87.797: [GC pause (young) 908M->635M(1492M), 0.2643930 secs]
88.963: [GC pause (young) 908M->652M(1492M), 0.3809100 secs]
90.032: [GC pause (young) 912M->626M(1492M), 0.1861350 secs]
90.952: [GC pause (young) 911M->635M(1492M), 0.2916770 secs]
92.016: [GC pause (young) 912M->637M(1492M), 0.2289780 secs]
92.997: [GC pause (young) 912M->620M(1492M), 0.1122450 secs]
93.801: [GC pause (young) 912M->651M(1492M), 0.3953500 secs]
94.921: [GC pause (young) 911M->658M(1492M), 0.4833730 secs]
96.210: [GC pause (young) 918M->635M(1492M), 0.1716560 secs]
97.141: [GC pause (young) 917M->641M(1492M), 0.1944190 secs]
98.020: [GC pause (young) 917M->643M(1492M), 0.2475860 secs]
99.058: [GC pause (young) 918M->661M(1492M), 0.3299060 secs]
100.121: [GC pause (young) 921M->671M(1492M), 0.4115160 secs]
101.294: [GC pause (young) 931M->820M(1492M), 1.5921290 secs]
104.284: [GC pause (young) (initial-mark) 1080M->985M(1492M), 2.5208130 secs]
106.805: [GC concurrent-root-region-scan-start]
107.190: [GC concurrent-root-region-scan-end, 0.3836440]
107.190: [GC concurrent-mark-start]
108.306: [GC pause (young) 1245M->1116M(1492M), 2.6203020 secs]
112.210: [GC pause (young)-- 1376M->1234M(1492M), 2.3212230 secs]
115.599: [GC pause (young)-- 1490M->1320M(1492M), 4.7132030 secs]
120.829: [GC pause (young)-- 1490M->1365M(1492M), 2.3200720 secs]
123.856: [GC pause (young)-- 1490M->1427M(1492M), 2.6624110 secs]
126.916: [GC pause (young)-- 1490M->1483M(1492M), 2.4473230 secs]
129.423: [GC pause (young)-- 1490M->1490M(1492M), 0.5404360 secs]
129.986: [GC pause (young) 1490M->1490M(1492M), 0.0139980 secs]
130.000: [Full GC 1490M->624M(1492M), 5.8673790 secs]
135.872: [GC concurrent-mark-abort]
136.616: [GC pause (young) 922M->645M(1492M), 0.2085930 secs]
137.439: [GC pause (young) 921M->646M(1492M), 0.2714520 secs]
138.368: [GC pause (young) 921M->647M(1492M), 0.3824810 secs]
139.454: [GC pause (young) 921M->665M(1492M), 0.4820090 secs]
140.576: [GC pause (young) 925M->656M(1492M), 0.3745090 secs]
141.662: [GC pause (young) 924M->652M(1492M), 0.2192070 secs]
142.559: [GC pause (young) 925M->651M(1492M), 0.2361670 secs]
143.462: [GC pause (young) 924M->668M(1492M), 0.3892950 secs]
144.500: [GC pause (young) 928M->642M(1492M), 0.1803030 secs]
145.819: [GC pause (young) 928M->651M(1492M), 0.2649340 secs]
146.834: [GC pause (young) 927M->652M(1492M), 0.3240840 secs]
148.039: [GC pause (young) 927M->653M(1492M), 0.2580200 secs]
149.164: [GC pause (young) 928M->671M(1492M), 0.4405440 secs]
150.429: [GC pause (young) 931M->663M(1492M), 0.3941250 secs]
151.627: [GC pause (young) 930M->658M(1492M), 0.2578320 secs]
152.679: [GC pause (young) 931M->657M(1492M), 0.2781350 secs]
153.737: [GC pause (young) 931M->657M(1492M), 0.2561100 secs]
154.753: [GC pause (young) 931M->657M(1492M), 0.3608190 secs]
155.929: [GC pause (young) 931M->674M(1492M), 0.4406440 secs]
157.074: [GC pause (young) 934M->701M(1492M), 0.6107090 secs]
158.478: [GC pause (young) 961M->776M(1492M), 1.3237810 secs]
160.574: [GC pause (young) (initial-mark) 1036M->851M(1492M), 1.2813350 secs]
161.856: [GC concurrent-root-region-scan-start]
162.181: [GC concurrent-root-region-scan-end, 0.3251060]
162.181: [GC concurrent-mark-start]
163.403: [GC pause (young) 1111M->941M(1492M), 1.2986030 secs]
166.027: [GC pause (young) 1201M->1000M(1492M), 1.0386180 secs]
168.354: [GC pause (young) 1260M->1111M(1492M), 1.5654950 secs]
171.541: [GC pause (young)-- 1371M->1207M(1492M), 1.0170370 secs]
173.507: [GC pause (young)-- 1467M->1366M(1492M), 7.4542060 secs]
181.429: [GC pause (young)-- 1491M->1449M(1492M), 4.3488690 secs]
186.090: [GC pause (young)-- 1491M->1480M(1492M), 1.4097840 secs]
187.556: [GC pause (young)-- 1491M->1491M(1492M), 0.6307400 secs]
188.201: [GC pause (young) 1491M->1491M(1492M), 0.0406950 secs]
188.246: [Full GC 1491M->619M(1492M), 6.2760970 secs]
194.532: [GC concurrent-mark-abort]
195.518: [GC pause (young) 917M->635M(1492M), 0.1903960 secs]
196.742: [GC pause (young) 916M->658M(1492M), 0.6497360 secs]
198.224: [GC pause (young) 918M->648M(1492M), 0.3083570 secs]
199.440: [GC pause (young) 918M->662M(1492M), 0.4849440 secs]
200.684: [GC pause (young) 922M->655M(1492M), 0.3047810 secs]
201.758: [GC pause (young) 921M->649M(1492M), 0.2672280 secs]
202.797: [GC pause (young) 922M->648M(1492M), 0.2755700 secs]
203.841: [GC pause (young) 922M->648M(1492M), 0.2539730 secs]
204.837: [GC pause (young) 922M->648M(1492M), 0.3058370 secs]
206.265: [GC pause (young) 922M->665M(1492M), 0.4238040 secs]
207.780: [GC pause (young) 925M->657M(1492M), 0.7129040 secs]
209.430: [GC pause (young) 925M->652M(1492M), 0.2689640 secs]
210.763: [GC pause (young) 925M->651M(1492M), 0.2998680 secs]
211.821: [GC pause (young) 925M->651M(1492M), 0.3276390 secs]
213.110: [GC pause (young) 925M->669M(1492M), 0.4285700 secs]
214.637: [GC pause (young) 929M->678M(1492M), 0.4314980 secs]
215.924: [GC pause (young) 938M->677M(1492M), 0.3516110 secs]
217.055: [GC pause (young) 938M->685M(1492M), 0.3796250 secs]
218.470: [GC pause (young) 945M->751M(1492M), 1.0344720 secs]
220.409: [GC pause (young) (initial-mark) 1011M->825M(1492M), 1.2314540 secs]
221.641: [GC concurrent-root-region-scan-start]
221.828: [GC concurrent-root-region-scan-end, 0.1872080]
221.828: [GC concurrent-mark-start]
222.692: [GC pause (young) 1085M->870M(1492M), 0.8745920 secs]
224.513: [GC pause (young) 1130M->869M(1492M), 0.4957870 secs]
226.346: [GC pause (young) 1150M->874M(1492M), 0.2665960 secs]
227.860: [GC pause (young) 1149M->875M(1492M), 0.2288200 secs]
229.277: [GC pause (young) 1150M->929M(1492M), 0.5923290 secs]
230.831: [GC pause (young) 1189M->1063M(1492M), 1.7081530 secs]
233.811: [GC pause (young) 1323M->1067M(1492M), 0.7590650 secs]
235.847: [GC pause (young) 1347M->1143M(1492M), 0.8014430 secs]
237.769: [GC pause (young)-- 1403M->1284M(1492M), 3.7936390 secs]
243.081: [GC pause (young)-- 1490M->1407M(1492M), 6.9692760 secs]
250.714: [GC pause (young)-- 1490M->1441M(1492M), 1.6286740 secs]
252.673: [GC pause (young)-- 1490M->1478M(1492M), 1.5007670 secs]
254.232: [GC pause (young)-- 1490M->1490M(1492M), 0.7362030 secs]
254.981: [GC pause (young) 1490M->1490M(1492M), 0.0546450 secs]
255.037: [Full GC 1490M->618M(1492M), 6.1826760 secs]
261.224: [GC concurrent-mark-abort]
262.341: [GC pause (young) 916M->633M(1492M), 0.1588740 secs]
263.158: [GC pause (young) 915M->657M(1492M), 0.3691850 secs]
264.179: [GC pause (young) 917M->647M(1492M), 0.2371670 secs]
265.053: [GC pause (young) 917M->644M(1492M), 0.2214710 secs]
265.973: [GC pause (young) 917M->643M(1492M), 0.2219380 secs]
266.879: [GC pause (young) 917M->661M(1492M), 0.3319960 secs]
267.850: [GC pause (young) 921M->653M(1492M), 0.2927780 secs]
268.809: [GC pause (young) 920M->647M(1492M), 0.2213680 secs]
269.663: [GC pause (young) 920M->646M(1492M), 0.2365210 secs]
270.570: [GC pause (young) 920M->646M(1492M), 0.2830390 secs]
271.483: [GC pause (young) 920M->646M(1492M), 0.2637830 secs]
272.416: [GC pause (young) 920M->628M(1492M), 0.0885070 secs]
273.181: [GC pause (young) 920M->660M(1492M), 0.4039510 secs]
274.515: [GC pause (young) 921M->720M(1492M), 0.7124180 secs]
275.969: [GC pause (young) (initial-mark) 980M->815M(1492M), 1.3015400 secs]
277.271: [GC concurrent-root-region-scan-start]
277.463: [GC concurrent-root-region-scan-end, 0.1913480]
277.463: [GC concurrent-mark-start]
278.389: [GC pause (young) 1075M->852M(1492M), 0.7514890 secs]
280.257: [GC pause (young) 1112M->864M(1492M), 0.4466240 secs]
281.715: [GC pause (young) 1133M->859M(1492M), 0.2533120 secs]
282.834: [GC pause (young) 1132M->858M(1492M), 0.2265380 secs]
284.167: [GC pause (young) 1132M->840M(1492M), 0.0687320 secs]
285.295: [GC pause (young) 1132M->854M(1492M), 0.2135240 secs]
286.578: [GC pause (young) 1133M->858M(1492M), 0.2219550 secs]
287.866: [GC pause (young) 1133M->876M(1492M), 0.3947800 secs]
289.341: [GC pause (young) 1136M->955M(1492M), 0.8398120 secs]
291.392: [GC pause (young) 1215M->1040M(1492M), 1.2525490 secs]
293.987: [GC pause (young) 1300M->1067M(1492M), 0.6998310 secs]
295.881: [GC pause (young) 1329M->1128M(1492M), 0.9344850 secs]
297.256: [GC concurrent-mark-end, 19.7931670 sec]
297.267: [GC remark, 0.0156950 secs]
297.289: [GC cleanup 1219M->1062M(1492M), 0.0100660 secs]
297.300: [GC concurrent-cleanup-start]
297.301: [GC concurrent-cleanup-end, 0.0008020]
297.908: [GC pause (young) 1231M->1066M(1492M), 1.1979450 secs]
300.249: [GC pause (mixed) 1326M->1073M(1492M), 0.7896330 secs]
302.129: [GC pause (mixed) 1333M->1058M(1492M), 0.4655590 secs]
303.538: [GC pause (mixed) 1340M->1039M(1492M), 0.2948880 secs]
304.584: [GC pause (young) 1314M->1058M(1492M), 0.3910900 secs]
305.720: [GC pause (young) (initial-mark) 1318M->1049M(1492M), 0.3146210 secs]
306.035: [GC concurrent-root-region-scan-start]
306.210: [GC concurrent-root-region-scan-end, 0.1743820]
306.210: [GC concurrent-mark-start]
307.226: [GC pause (young) 1317M->1062M(1492M), 0.5433760 secs]
308.869: [GC pause (young) 1322M->1037M(1492M), 0.1942670 secs]
310.351: [GC pause (young) 1321M->1062M(1492M), 0.4403260 secs]
311.868: [GC pause (young) 1322M->1052M(1492M), 0.2605430 secs]
313.050: [GC pause (young) 1322M->1049M(1492M), 0.2599180 secs]
314.469: [GC pause (young) 1322M->1065M(1492M), 0.3544200 secs]
315.712: [GC pause (young) 1325M->1143M(1492M), 1.4342930 secs]
318.317: [GC pause (young)-- 1403M->1282M(1492M), 3.0518280 secs]
322.436: [GC pause (young)-- 1491M->1342M(1492M), 4.1982650 secs]
327.665: [GC pause (young)-- 1491M->1389M(1492M), 2.3113410 secs]
330.373: [GC pause (young)-- 1491M->1444M(1492M), 2.4703000 secs]
333.145: [GC pause (young)-- 1491M->1488M(1492M), 1.9388990 secs]
335.121: [GC pause (young)-- 1491M->1491M(1492M), 0.2945100 secs]
335.437: [GC pause (young) 1491M->1491M(1492M), 0.0283240 secs]
335.469: [Full GC 1491M->625M(1492M), 6.3122150 secs]
341.789: [GC concurrent-mark-abort]
342.740: [GC pause (young) 923M->648M(1492M), 0.2686290 secs]
343.796: [GC pause (young) 923M->648M(1492M), 0.2663510 secs]
344.843: [GC pause (young) 923M->649M(1492M), 0.2352400 secs]
345.825: [GC pause (young) 923M->649M(1492M), 0.3102650 secs]
346.974: [GC pause (young) 923M->666M(1492M), 0.5156770 secs]
348.275: [GC pause (young) 926M->658M(1492M), 0.3093410 secs]
349.351: [GC pause (young) 926M->671M(1492M), 0.4996920 secs]
350.623: [GC pause (young) 931M->664M(1492M), 0.3052490 secs]
351.701: [GC pause (young) 930M->747M(1492M), 1.0285200 secs]
353.547: [GC pause (young) (initial-mark) 1007M->816M(1492M), 1.1080400 secs]
354.656: [GC concurrent-root-region-scan-start]
354.761: [GC concurrent-root-region-scan-end, 0.1056710]
354.761: [GC concurrent-mark-start]
355.938: [GC pause (young) 1076M->866M(1492M), 1.1076150 secs]
358.152: [GC pause (young) 1126M->889M(1492M), 0.7614480 secs]
360.022: [GC pause (young) 1160M->904M(1492M), 0.3686900 secs]
361.273: [GC pause (young) 1164M->984M(1492M), 1.3309430 secs]
363.605: [GC pause (young) 1244M->1072M(1492M), 1.1779850 secs]
365.639: [GC pause (young) 1332M->1097M(1492M), 0.8599200 secs]
367.798: [GC pause (young) 1365M->1109M(1492M), 0.3583740 secs]
369.439: [GC pause (young) 1369M->1098M(1492M), 0.3036790 secs]
370.688: [GC pause (young) 1369M->1096M(1492M), 0.2838480 secs]
371.942: [GC pause (young) 1370M->1078M(1492M), 0.0963510 secs]
373.099: [GC pause (young) 1369M->1091M(1492M), 0.2390690 secs]
374.446: [GC pause (young) 1369M->1076M(1492M), 0.0959260 secs]
375.488: [GC pause (young) 1369M->1090M(1492M), 0.2116900 secs]
376.728: [GC pause (young) 1369M->1130M(1492M), 0.5131330 secs]
378.237: [GC pause (young)-- 1390M->1249M(1492M), 2.1971720 secs]
381.399: [GC pause (young)-- 1490M->1388M(1492M), 7.0715390 secs]
389.246: [GC pause (young)-- 1490M->1436M(1492M), 2.2031710 secs]
391.715: [GC pause (young)-- 1490M->1471M(1492M), 1.1706690 secs]
392.991: [GC pause (young)-- 1490M->1490M(1492M), 0.9807710 secs]
393.988: [GC pause (young) 1490M->1490M(1492M), 0.0785410 secs]
394.072: [Full GC 1490M->617M(1492M), 6.2149850 secs]
400.290: [GC concurrent-mark-abort]
401.221: [GC pause (young) 915M->649M(1492M), 0.4246920 secs]
402.469: [GC pause (young) 915M->643M(1492M), 0.2571170 secs]
403.516: [GC pause (young) 916M->642M(1492M), 0.2835080 secs]
404.568: [GC pause (young) 915M->658M(1492M), 0.4674060 secs]
405.841: [GC pause (young) 918M->650M(1492M), 0.4022990 secs]
406.995: [GC pause (young) 918M->663M(1492M), 0.3995940 secs]
408.125: [GC pause (young) 923M->657M(1492M), 0.3714890 secs]
409.334: [GC pause (young) 923M->650M(1492M), 0.2723870 secs]
410.340: [GC pause (young) 922M->649M(1492M), 0.2438190 secs]
411.330: [GC pause (young) 923M->649M(1492M), 0.2878060 secs]
412.453: [GC pause (young) 923M->702M(1492M), 0.7136810 secs]
414.048: [GC pause (young) 962M->772M(1492M), 0.9276950 secs]
415.818: [GC pause (young) (initial-mark) 1032M->845M(1492M), 1.1830730 secs]
417.001: [GC concurrent-root-region-scan-start]
417.202: [GC concurrent-root-region-scan-end, 0.2004090]
417.202: [GC concurrent-mark-start]
418.522: [GC pause (young) 1105M->853M(1492M), 0.5586380 secs]
420.183: [GC pause (young) 1126M->923M(1492M), 0.7755060 secs]
422.412: [GC pause (young) 1183M->1006M(1492M), 1.2020950 secs]
425.242: [GC pause (young) 1266M->1050M(1492M), 0.8965970 secs]
427.396: [GC pause (young) 1310M->1039M(1492M), 0.2461780 secs]
428.811: [GC pause (young) 1330M->1052M(1492M), 0.2207070 secs]
430.005: [GC pause (young) 1330M->1073M(1492M), 0.3873410 secs]
431.225: [GC pause (young) 1333M->1064M(1492M), 0.3470680 secs]
432.567: [GC pause (young) 1332M->1059M(1492M), 0.2645370 secs]
433.806: [GC pause (young) 1332M->1076M(1492M), 0.3636000 secs]
435.085: [GC pause (young) 1336M->1050M(1492M), 0.1658650 secs]
436.331: [GC pause (young) 1335M->1059M(1492M), 0.2192120 secs]
437.600: [GC pause (young) 1336M->1149M(1492M), 0.8883370 secs]
439.637: [GC pause (young)-- 1409M->1283M(1492M), 3.1566770 secs]
444.045: [GC pause (young)-- 1490M->1384M(1492M), 5.0025600 secs]
449.604: [GC pause (young)-- 1490M->1443M(1492M), 2.8054170 secs]
452.691: [GC pause (young)-- 1490M->1483M(1492M), 1.5464630 secs]
454.308: [GC pause (young)-- 1490M->1490M(1492M), 0.4314530 secs]
454.774: [GC pause (young) 1490M->1490M(1492M), 0.0224060 secs]
454.797: [Full GC 1490M->615M(1492M), 6.1362190 secs]
460.943: [GC concurrent-mark-abort]
461.869: [GC pause (young) 913M->644M(1492M), 0.3051780 secs]
462.889: [GC pause (young) 913M->640M(1492M), 0.2907370 secs]
463.979: [GC pause (young) 913M->639M(1492M), 0.2351830 secs]
464.967: [GC pause (young) 913M->639M(1492M), 0.2765860 secs]
466.089: [GC pause (young) 913M->639M(1492M), 0.3145020 secs]
467.054: [GC pause (young) 913M->638M(1492M), 0.2255480 secs]
468.078: [GC pause (young) 912M->656M(1492M), 0.4389890 secs]
469.358: [GC pause (young) 916M->648M(1492M), 0.3265790 secs]
470.487: [GC pause (young) 916M->643M(1492M), 0.2727650 secs]
471.615: [GC pause (young) 916M->624M(1492M), 0.1245770 secs]
472.533: [GC pause (young) 915M->726M(1492M), 0.9175140 secs]
474.208: [GC pause (young) (initial-mark) 986M->816M(1492M), 1.3582010 secs]
475.566: [GC concurrent-root-region-scan-start]
475.786: [GC concurrent-root-region-scan-end, 0.2200690]
475.786: [GC concurrent-mark-start]
476.972: [GC pause (young) 1076M->850M(1492M), 0.8033570 secs]
479.236: [GC pause (young) 1110M->875M(1492M), 0.5538110 secs]
481.031: [GC pause (young) 1135M->953M(1492M), 0.9354560 secs]
483.039: [GC pause (young) 1213M->1046M(1492M), 1.5555690 secs]
485.713: [GC pause (young) 1306M->1081M(1492M), 0.8514850 secs]
487.305: [GC pause (young) 1341M->1054M(1492M), 0.2827740 secs]
488.790: [GC pause (young) 1341M->1082M(1492M), 0.3935860 secs]
490.436: [GC pause (young) 1342M->1071M(1492M), 0.2818840 secs]
491.844: [GC pause (young) 1341M->1068M(1492M), 0.3589740 secs]
493.541: [GC pause (young) 1341M->1067M(1492M), 0.3297510 secs]
495.140: [GC pause (young) 1342M->1067M(1492M), 0.2992800 secs]
496.505: [GC pause (young) 1341M->1067M(1492M), 0.2596460 secs]
498.007: [GC pause (young) 1341M->1067M(1492M), 0.2447270 secs]
499.243: [GC pause (young) 1342M->1121M(1492M), 0.6254460 secs]
500.911: [GC pause (young)-- 1381M->1228M(1492M), 1.8684140 secs]
503.790: [GC pause (young)-- 1488M->1351M(1492M), 6.3121270 secs]
510.807: [GC pause (young)-- 1490M->1384M(1492M), 1.5716600 secs]
512.851: [GC concurrent-mark-end, 37.0648670 sec]
512.855: [GC remark, 0.0115440 secs]
512.870: [GC cleanup 1446M->1279M(1492M), 0.0207890 secs]
512.891: [GC concurrent-cleanup-start]
512.902: [GC concurrent-cleanup-end, 0.0112100]
513.644: [GC pause (young)-- 1490M->1274M(1492M), 2.6380390 secs]
517.013: [GC pause (mixed)-- 1490M->1316M(1492M), 1.9185090 secs]
519.745: [GC pause (mixed)-- 1490M->1358M(1492M), 3.2419970 secs]
523.444: [GC pause (mixed)-- 1490M->1397M(1492M), 2.7599930 secs]
526.621: [GC pause (young)-- 1490M->1450M(1492M), 2.1829220 secs]
529.015: [GC pause (young) (initial-mark)-- 1490M->1472M(1492M), 0.8512970 secs]
529.867: [GC concurrent-root-region-scan-start]
529.867: [GC concurrent-root-region-scan-end, 0.0000250]
529.867: [GC concurrent-mark-start]
529.957: [GC pause (young)-- 1490M->1490M(1492M), 0.9009790 secs]
530.892: [GC pause (young) 1490M->1490M(1492M), 0.0735670 secs]
530.973: [Full GC 1490M->611M(1492M), 6.2658690 secs]
537.242: [GC concurrent-mark-abort]
538.182: [GC pause (young) 909M->636M(1492M), 0.2542830 secs]
539.201: [GC pause (young) 908M->635M(1492M), 0.3376280 secs]
540.344: [GC pause (young) 909M->635M(1492M), 0.2553330 secs]
541.385: [GC pause (young) 910M->635M(1492M), 0.3033660 secs]
542.535: [GC pause (young) 909M->653M(1492M), 0.3843240 secs]
543.627: [GC pause (young) 913M->748M(1492M), 1.1564130 secs]
545.798: [GC pause (young) (initial-mark) 1008M->802M(1492M), 1.1269440 secs]
546.926: [GC concurrent-root-region-scan-start]
547.320: [GC concurrent-root-region-scan-end, 0.3941400]
547.320: [GC concurrent-mark-start]
548.415: [GC pause (young) 1062M->847M(1492M), 0.9240830 secs]
550.688: [GC pause (young) 1107M->847M(1492M), 0.3931720 secs]
552.239: [GC pause (young) 1131M->855M(1492M), 0.2096330 secs]
553.361: [GC pause (young) 1131M->945M(1492M), 1.2569400 secs]
555.570: [GC pause (young) 1205M->1027M(1492M), 1.5213810 secs]
558.768: [GC pause (young) 1287M->1059M(1492M), 0.5842880 secs]
560.565: [GC pause (young) 1319M->1084M(1492M), 0.5840420 secs]
562.079: [GC pause (young) 1344M->1076M(1492M), 0.3928740 secs]
563.624: [GC pause (young) 1343M->1071M(1492M), 0.3211050 secs]
565.176: [GC pause (young) 1344M->1088M(1492M), 0.4612780 secs]
566.717: [GC pause (young) 1348M->1080M(1492M), 0.2934540 secs]
568.019: [GC pause (young) 1347M->1056M(1492M), 0.0991670 secs]
569.214: [GC pause (young) 1347M->1052M(1492M), 0.0680960 secs]
570.445: [GC pause (young) 1347M->1068M(1492M), 0.2142080 secs]
571.697: [GC pause (young) 1347M->1054M(1492M), 0.0942120 secs]
572.508: [GC concurrent-mark-end, 25.1885540 sec]
572.514: [GC remark, 0.0136300 secs]
572.529: [GC cleanup 1208M->1043M(1492M), 0.0188070 secs]
572.548: [GC concurrent-cleanup-start]
572.549: [GC concurrent-cleanup-end, 0.0010750]
572.944: [GC pause (young) 1182M->903M(1492M), 0.2398060 secs]
573.939: [GC pause (mixed) 1182M->879M(1492M), 0.3834030 secs]
575.121: [GC pause (mixed) 1154M->858M(1492M), 0.3231640 secs]
576.206: [GC pause (mixed) 1133M->845M(1492M), 0.4243420 secs]
577.372: [GC pause (young) 1119M->845M(1492M), 0.2523370 secs]
578.356: [GC pause (young) (initial-mark) 1119M->845M(1492M), 0.3050260 secs]
578.662: [GC concurrent-root-region-scan-start]
578.769: [GC concurrent-root-region-scan-end, 0.1073350]
578.769: [GC concurrent-mark-start]
579.719: [GC pause (young) 1119M->827M(1492M), 0.0816700 secs]
