0.215: [GC 22085K->19810K(92352K), 0.1169220 secs]
0.595: [GC 45346K->39680K(92352K), 0.5863880 secs]
1.201: [GC 48628K(92352K), 0.0246330 secs]
1.253: [GC 65216K->59541K(92352K), 0.3668790 secs]
1.655: [GC 85077K->79400K(105216K), 0.2302870 secs]
1.921: [GC 104936K->99243K(125184K), 0.2388330 secs]
2.204: [GC 124779K->119092K(144960K), 0.2580030 secs]
2.509: [GC 144628K->138952K(164928K), 0.2325850 secs]
2.791: [GC 164488K->158686K(184512K), 0.4658570 secs]
3.331: [GC 184222K->179719K(205540K), 0.2740050 secs]
3.643: [GC 205255K->199509K(225508K), 0.2340940 secs]
3.922: [GC 225045K->220654K(246536K), 0.2004560 secs]
4.167: [GC 246190K->241712K(267564K), 0.2174240 secs]
4.413: [GC 260953K->258678K(284652K), 0.1834680 secs]
4.643: [GC 284214K->280544K(306500K), 0.1863710 secs]
4.875: [GC 306080K->302632K(328540K), 0.2439890 secs]
5.154: [GC 328168K->322831K(348700K), 0.2612770 secs]
5.466: [GC 348367K->343293K(369244K), 0.2788180 secs]
5.792: [GC 368829K->364678K(390708K), 0.1798730 secs]
6.041: [GC 390214K->384525K(410484K), 0.3553530 secs]
6.433: [GC 410061K->407069K(433076K), 0.1867020 secs]
6.674: [GC 432605K->426787K(452660K), 0.2499160 secs]
6.990: [GC 452323K->446685K(472628K), 0.2382520 secs]
7.286: [GC 472221K->469410K(495412K), 0.1840220 secs]
7.535: [GC 494946K->489187K(515188K), 0.2417590 secs]
7.824: [GC 514723K->508991K(534964K), 0.3047520 secs]
8.191: [GC 534527K->531743K(557748K), 0.1915090 secs]
8.432: [GC 557279K->551544K(577524K), 0.2455340 secs]
8.717: [GC 577080K->571347K(597300K), 0.2662670 secs]
9.041: [GC 596883K->590986K(616884K), 0.3078600 secs]
9.387: [GC 616522K->610759K(636660K), 0.2477850 secs]
9.681: [GC 636295K->630850K(656820K), 0.2933210 secs]
10.058: [GC 656386K->650558K(676596K), 0.2598230 secs]
10.358: [GC 676094K->670405K(696372K), 0.2759460 secs]
10.700: [GC 695941K->684807K(710772K), 0.1971690 secs]
10.997: [GC 710343K->699571K(725556K), 0.2304810 secs]
11.311: [GC 725107K->719359K(745332K), 0.2773610 secs]
11.641: [GC 744895K->727914K(753972K), 0.1247810 secs]
11.805: [GC 753450K->747722K(773748K), 0.2836790 secs]
12.126: [GC 773258K->758616K(784500K), 0.1650950 secs]
12.324: [GC 784152K->778468K(804468K), 0.2545320 secs]
12.633: [GC 804004K->782401K(808308K), 0.0671190 secs]
12.771: [GC 807937K->802212K(828084K), 0.2970790 secs]
13.173: [GC 827748K->814589K(840564K), 0.2099130 secs]
13.441: [GC 840125K->823249K(849204K), 0.1740190 secs]
13.658: [GC 848785K->843045K(868980K), 0.2976120 secs]
14.013: [GC 868581K->862611K(888564K), 0.3092290 secs]
14.372: [GC 888147K->875869K(901812K), 0.2172150 secs]
14.638: [GC 901405K->895647K(921588K), 0.2490900 secs]
14.935: [GC 921183K->900401K(926388K), 0.0942720 secs]
15.065: [GC 925937K->915760K(941748K), 0.2175890 secs]
15.320: [GC 941296K->932470K(958452K), 0.2360310 secs]
15.598: [GC 958006K->952356K(978420K), 0.2747150 secs]
15.914: [GC 977892K->956883K(982836K), 0.0838810 secs]
16.043: [GC 982419K->976619K(1002612K), 0.4235350 secs]
16.515: [GC 1002155K->996289K(1022388K), 0.2408460 secs]
16.799: [GC 1021825K->1005464K(1031412K), 0.1340470 secs]
16.982: [GC 1031000K->1025322K(1051380K), 0.2779850 secs]
17.308: [GC 1050858K->1045117K(1071156K), 0.2918470 secs]
17.639: [GC 1070653K->1059237K(1085364K), 0.1889160 secs]
17.880: [GC 1084773K->1079128K(1105140K), 0.3305490 secs]
18.252: [GC 1104664K->1087385K(1113396K), 0.1284090 secs]
18.431: [GC 1112921K->1103628K(1129716K), 0.2116250 secs]
18.687: [GC 1129164K->1117217K(1143156K), 0.2056720 secs]
18.941: [GC 1142753K->1136973K(1162932K), 0.2830300 secs]
19.281: [GC 1162509K->1142133K(1168116K), 0.1145960 secs]
19.435: [GC 1167669K->1161929K(1187892K), 0.3098730 secs]
19.797: [GC 1187465K->1170908K(1196916K), 0.1299530 secs]
19.977: [GC 1196444K->1189900K(1215924K), 0.2522650 secs]
20.273: [GC 1215436K->1208237K(1234164K), 0.2322140 secs]
20.562: [GC 1233773K->1218721K(1244724K), 0.1562550 secs]
20.781: [GC 1244257K->1238528K(1264500K), 0.2598410 secs]
21.093: [GC 1264064K->1255374K(1281396K), 0.2124250 secs]
25.400: [Full GC 1280910K->619911K(1281396K), 5.8871410 secs]
32.606: [GC 824391K->649615K(1502272K), 0.4000040 secs]
33.714: [GC 854095K->649888K(1502272K), 0.2257910 secs]
34.294: [GC 854368K->644214K(1502272K), 0.1313040 secs]
34.830: [GC 848694K->651291K(1502272K), 0.2850860 secs]
35.465: [GC 855771K->651314K(1502272K), 0.1081830 secs]
35.920: [GC 855794K->644567K(1502272K), 0.1063140 secs]
36.268: [GC 849047K->652719K(1502272K), 0.1618470 secs]
36.742: [GC 857199K->652719K(1502272K), 0.1176650 secs]
37.118: [GC 857199K->660286K(1502272K), 0.2108200 secs]
37.580: [GC 864766K->680126K(1502272K), 0.3313990 secs]
37.934: [GC 695352K(1502272K), 0.0592530 secs]
38.255: [GC 884606K->693337K(1502272K), 0.4066650 secs]
39.049: [GC 897817K->701751K(1502272K), 0.2330810 secs]
39.645: [GC 906231K->701750K(1502272K), 0.0930290 secs]
40.075: [GC 906230K->702386K(1502272K), 0.1409010 secs]
40.476: [GC 906866K->713239K(1502272K), 0.2754270 secs]
41.045: [GC 917719K->738379K(1502272K), 0.4048910 secs]
41.732: [GC 942859K->757080K(1502272K), 0.3329390 secs]
42.332: [GC 961560K->770691K(1502272K), 0.2880380 secs]
42.908: [GC 975171K->778413K(1502272K), 0.2142360 secs]
43.394: [GC 982893K->782329K(1502272K), 0.1841790 secs]
44.008: [GC 986809K->783499K(1502272K), 0.1502620 secs]
44.454: [GC 987979K->794005K(1502272K), 0.2931640 secs]
45.037: [GC 998485K->800653K(1502272K), 0.2124670 secs]
45.547: [GC 1005133K->805816K(1502272K), 0.1789270 secs]
46.052: [GC 1010296K->810221K(1502272K), 0.2181450 secs]
46.585: [GC 1014701K->819495K(1502272K), 0.2444080 secs]
47.173: [GC 1023975K->817801K(1502272K), 0.0817620 secs]
47.693: [GC 1022281K->819876K(1502272K), 0.2753360 secs]
48.551: [GC 1024356K->820060K(1502272K), 0.2405670 secs]
49.276: [GC 1024540K->886728K(1502272K), 1.3605360 secs]
50.894: [GC 982743K(1502272K), 0.3474480 secs]
51.456: [GC 1091208K->1057744K(1502272K), 2.7254920 secs]
54.777: [GC 1262224K->1216084K(1502272K), 2.5252490 secs]
59.675: [Full GC 1375601K->594777K(1502272K), 5.7591640 secs]
66.032: [GC 799257K->647675K(1502272K), 0.6235230 secs]
67.046: [GC 852155K->662620K(1502272K), 0.3715800 secs]
67.446: [GC 677967K(1502272K), 0.0573360 secs]
67.917: [GC 867100K->672657K(1502272K), 0.3819450 secs]
68.758: [GC 877137K->677464K(1502272K), 0.2925920 secs]
69.428: [GC 881944K->677054K(1502272K), 0.1058500 secs]
70.041: [GC 881534K->690781K(1502272K), 0.4681380 secs]
70.978: [GC 895261K->699421K(1502272K), 0.3686580 secs]
71.771: [GC 903901K->720760K(1502272K), 0.5250360 secs]
72.729: [GC 925240K->720488K(1502272K), 0.1043460 secs]
73.319: [GC 924968K->718593K(1502272K), 0.2261920 secs]
74.053: [GC 923073K->717409K(1502272K), 0.1579560 secs]
74.671: [GC 921889K->723634K(1502272K), 0.2796160 secs]
75.387: [GC 928114K->723963K(1502272K), 0.1952080 secs]
76.030: [GC 928443K->735548K(1502272K), 0.4524090 secs]
76.942: [GC 940028K->734950K(1502272K), 0.1509650 secs]
77.492: [GC 939430K->739154K(1502272K), 0.3008390 secs]
78.273: [GC 943634K->739893K(1502272K), 0.2237160 secs]
78.957: [GC 944373K->749922K(1502272K), 0.3779860 secs]
79.820: [GC 954402K->753562K(1502272K), 0.2699400 secs]
80.489: [GC 958042K->753570K(1502272K), 0.2353440 secs]
81.187: [GC 958050K->764656K(1502272K), 0.4061130 secs]
82.049: [GC 969136K->770711K(1502272K), 0.3880600 secs]
82.903: [GC 975191K->771727K(1502272K), 0.2848560 secs]
83.321: [GC 832097K(1502272K), 0.1311030 secs]
83.745: [GC 976207K->771737K(1502272K), 0.2147840 secs]
84.393: [GC 976217K->780649K(1502272K), 0.4314950 secs]
85.293: [GC 985129K->784942K(1502272K), 0.2819100 secs]
86.090: [GC 989422K->784950K(1502272K), 0.2058560 secs]
86.793: [GC 989430K->783870K(1502272K), 0.1512110 secs]
87.435: [GC 988350K->792504K(1502272K), 0.3721740 secs]
88.300: [GC 979982K->777811K(1502272K), 0.2305220 secs]
88.950: [GC 973081K->767757K(1502272K), 0.0790920 secs]
89.472: [GC 969634K->760976K(1502272K), 0.1825050 secs]
90.186: [GC 965456K->828282K(1502272K), 1.1638660 secs]
91.809: [GC 1032762K->885245K(1502272K), 0.9540640 secs]
93.166: [GC 1089725K->960453K(1502272K), 1.3122770 secs]
94.526: [GC 972887K(1502272K), 0.0607120 secs]
95.086: [GC 1164933K->1074919K(1502272K), 1.8993110 secs]
97.488: [GC 1279399K->1117324K(1502272K), 0.8900590 secs]
98.950: [GC 1321804K->1222903K(1502272K), 1.7855500 secs]
103.010: [Full GC 1427383K->504513K(1502272K), 4.9999280 secs]
108.100: [GC 522259K(1502272K), 0.0363580 secs]
108.565: [GC 708993K->569109K(1502272K), 0.7842460 secs]
109.799: [GC 773589K->627927K(1502272K), 1.1104710 secs]
111.499: [GC 832407K->655296K(1502272K), 0.5361460 secs]
112.606: [GC 859776K->652428K(1502272K), 0.2507120 secs]
113.284: [GC 856908K->658702K(1502272K), 0.2616140 secs]
113.945: [GC 863182K->669679K(1502272K), 0.4201270 secs]
114.828: [GC 874159K->668869K(1502272K), 0.1375760 secs]
115.401: [GC 873349K->672300K(1502272K), 0.3134870 secs]
116.368: [GC 876780K->673387K(1502272K), 0.2032700 secs]
116.973: [GC 877867K->673404K(1502272K), 0.1516370 secs]
117.518: [GC 877884K->678491K(1502272K), 0.2796040 secs]
118.275: [GC 882971K->681451K(1502272K), 0.2400680 secs]
118.985: [GC 885931K->678233K(1502272K), 0.1676280 secs]
119.566: [GC 882713K->681461K(1502272K), 0.1958350 secs]
120.297: [GC 885941K->683446K(1502272K), 0.3096430 secs]
121.122: [GC 887926K->684119K(1502272K), 0.1762720 secs]
121.781: [GC 888599K->692913K(1502272K), 0.3658370 secs]
122.535: [GC 897393K->699384K(1502272K), 0.3305680 secs]
123.273: [GC 903864K->700910K(1502272K), 0.3404640 secs]
124.081: [GC 905390K->711730K(1502272K), 0.4051950 secs]
124.623: [GC 755731K(1502272K), 0.1889690 secs]
125.138: [GC 916210K->717390K(1502272K), 0.2833520 secs]
125.869: [GC 921870K->717738K(1502272K), 0.1868410 secs]
126.709: [GC 922218K->718738K(1502272K), 0.2362720 secs]
127.415: [GC 923218K->727466K(1502272K), 0.3089680 secs]
128.424: [GC 931946K->733839K(1502272K), 0.5090160 secs]
129.656: [GC 938319K->734081K(1502272K), 0.3646050 secs]
130.519: [GC 938561K->732110K(1502272K), 0.1560670 secs]
131.076: [GC 936590K->757924K(1502272K), 0.4960610 secs]
132.054: [GC 962404K->759281K(1502272K), 0.1871940 secs]
132.690: [GC 963761K->771895K(1502272K), 0.3445130 secs]
133.364: [GC 976375K->781568K(1502272K), 0.3786070 secs]
134.098: [GC 986048K->821116K(1502272K), 0.6769040 secs]
134.809: [GC 841879K(1502272K), 0.1158750 secs]
135.389: [GC 1025596K->890863K(1502272K), 1.1144940 secs]
136.996: [GC 1095343K->1019694K(1502272K), 1.7730840 secs]
139.209: [GC 1224174K->1069576K(1502272K), 0.8254100 secs]
140.476: [GC 1274056K->1118192K(1502272K), 1.0583080 secs]
142.023: [GC 1322672K->1168762K(1502272K), 0.9047770 secs]
143.289: [GC 1373242K->1240887K(1502272K), 1.0657120 secs]
147.449: [Full GC 1445367K->571118K(1502272K), 5.7780570 secs]
153.314: [GC 594771K(1502272K), 0.0422520 secs]
153.646: [GC 775598K->633741K(1502272K), 0.5825250 secs]
154.673: [GC 838221K->646572K(1502272K), 0.3115290 secs]
155.373: [GC 851052K->646690K(1502272K), 0.1461480 secs]
155.911: [GC 851170K->652635K(1502272K), 0.2137880 secs]
156.593: [GC 857115K->665917K(1502272K), 0.3959250 secs]
157.418: [GC 870087K->665918K(1502272K), 0.0973300 secs]
157.876: [GC 870398K->668191K(1502272K), 0.2151120 secs]
158.460: [GC 872671K->668207K(1502272K), 0.1517380 secs]
158.993: [GC 872687K->678602K(1502272K), 0.3368230 secs]
159.722: [GC 883082K->686262K(1502272K), 0.2679440 secs]
160.369: [GC 890742K->687675K(1502272K), 0.1970050 secs]
161.003: [GC 892155K->689321K(1502272K), 0.2102770 secs]
161.650: [GC 893801K->697983K(1502272K), 0.2789620 secs]
162.305: [GC 902463K->702295K(1502272K), 0.2574370 secs]
163.024: [GC 906775K->703470K(1502272K), 0.2028320 secs]
163.609: [GC 907950K->703617K(1502272K), 0.1437660 secs]
164.132: [GC 908097K->697145K(1502272K), 0.1251370 secs]
164.664: [GC 901625K->692846K(1502272K), 0.0874280 secs]
165.156: [GC 897326K->716169K(1502272K), 0.4418620 secs]
165.990: [GC 920649K->723994K(1502272K), 0.2661670 secs]
166.366: [GC 778964K(1502272K), 0.1491460 secs]
166.858: [GC 928470K->727183K(1502272K), 0.2431730 secs]
167.477: [GC 931663K->726894K(1502272K), 0.1688340 secs]
168.003: [GC 931374K->737988K(1502272K), 0.4463700 secs]
168.878: [GC 942468K->742348K(1502272K), 0.3141580 secs]
169.657: [GC 946828K->743280K(1502272K), 0.2889120 secs]
170.396: [GC 947760K->742445K(1502272K), 0.1974250 secs]
171.058: [GC 946925K->739482K(1502272K), 0.1586200 secs]
171.512: [GC 943962K->741155K(1502272K), 0.0649540 secs]
171.869: [GC 945635K->744319K(1502272K), 0.1544740 secs]
172.291: [GC 948799K->744843K(1502272K), 0.1254270 secs]
172.759: [GC 949323K->752475K(1502272K), 0.2204130 secs]
173.227: [GC 956955K->888247K(1502272K), 1.2884120 secs]
174.572: [GC 901182K(1502272K), 0.1682910 secs]
175.003: [GC 1092727K->1001147K(1502272K), 1.4065380 secs]
176.771: [GC 1205627K->1110825K(1502272K), 1.3020600 secs]
178.386: [GC 1315305K->1146908K(1502272K), 0.4826360 secs]
179.221: [GC 1351388K->1187769K(1502272K), 0.5685850 secs]
183.276: [Full GC 1392249K->529399K(1502272K), 4.4132870 secs]
187.734: [GC 543251K(1502272K), 0.0424670 secs]
188.129: [GC 733879K->593065K(1502272K), 0.5468950 secs]
189.054: [GC 797545K->625486K(1502272K), 0.4522720 secs]
189.845: [GC 829966K->632102K(1502272K), 0.1754710 secs]
190.292: [GC 836582K->638005K(1502272K), 0.1015230 secs]
190.651: [GC 842485K->645989K(1502272K), 0.2132360 secs]
191.223: [GC 850469K->647398K(1502272K), 0.1340320 secs]
191.615: [GC 851878K->660355K(1502272K), 0.4460270 secs]
192.460: [GC 864835K->659842K(1502272K), 0.0965190 secs]
192.816: [GC 864322K->663873K(1502272K), 0.1951780 secs]
193.280: [GC 868353K->663919K(1502272K), 0.1425010 secs]
193.701: [GC 868399K->663927K(1502272K), 0.1343170 secs]
194.170: [GC 868407K->670332K(1502272K), 0.2344010 secs]
194.691: [GC 844156K(1502272K), 0.4168120 secs]
195.185: [GC 874811K->669220K(1502272K), 0.0834450 secs]
195.583: [GC 873700K->670068K(1502272K), 0.1275490 secs]
196.039: [GC 874548K->670727K(1502272K), 0.1335240 secs]
196.488: [GC 875207K->675756K(1502272K), 0.2001090 secs]
197.021: [GC 880236K->680534K(1502272K), 0.1727690 secs]
197.548: [GC 885014K->680702K(1502272K), 0.2307930 secs]
198.097: [GC 885182K->687993K(1502272K), 0.2462300 secs]
198.602: [GC 892473K->686674K(1502272K), 0.0734380 secs]
198.959: [GC 891154K->688059K(1502272K), 0.1385920 secs]
199.450: [GC 892539K->688077K(1502272K), 0.1135960 secs]
199.929: [GC 892557K->693536K(1502272K), 0.2660590 secs]
200.447: [GC 898016K->694923K(1502272K), 0.1557960 secs]
200.860: [GC 899403K->695691K(1502272K), 0.1315750 secs]
201.269: [GC 900171K->703337K(1502272K), 0.4098500 secs]
202.086: [GC 907817K->706053K(1502272K), 0.2892610 secs]
202.725: [GC 910533K->721070K(1502272K), 0.4968020 secs]
203.593: [GC 925550K->731281K(1502272K), 0.4960330 secs]
204.493: [GC 935761K->736763K(1502272K), 0.3243620 secs]
205.202: [GC 941243K->755824K(1502272K), 0.5134800 secs]
206.102: [GC 960304K->806807K(1502272K), 1.0085290 secs]
207.163: [GC 824643K(1502272K), 0.0686650 secs]
207.692: [GC 1011287K->869106K(1502272K), 1.0956600 secs]
209.271: [GC 1073586K->983891K(1502272K), 1.7832120 secs]
211.557: [GC 1188371K->1093959K(1502272K), 1.8494540 secs]
213.894: [GC 1298439K->1203570K(1502272K), 2.3707550 secs]
219.342: [Full GC 1408050K->540481K(1502272K), 5.0987920 secs]
224.913: [GC 744961K->606008K(1502272K), 0.7162450 secs]
225.990: [GC 810488K->642548K(1502272K), 0.6884660 secs]
227.087: [GC 847028K->651270K(1502272K), 0.2820270 secs]
227.666: [GC 855750K->654708K(1502272K), 0.3261850 secs]
228.358: [GC 859188K->658268K(1502272K), 0.2693780 secs]
229.021: [GC 862748K->668447K(1502272K), 0.4054950 secs]
229.809: [GC 872927K->673807K(1502272K), 0.2972220 secs]
230.429: [GC 878287K->674701K(1502272K), 0.2760120 secs]
231.103: [GC 879181K->673888K(1502272K), 0.2494670 secs]
231.741: [GC 878368K->683695K(1502272K), 0.4288690 secs]
232.637: [GC 888175K->681656K(1502272K), 0.2518670 secs]
233.327: [GC 886136K->684524K(1502272K), 0.4922780 secs]
234.337: [GC 889004K->684745K(1502272K), 0.3284920 secs]
235.105: [GC 889225K->677671K(1502272K), 0.1316390 secs]
235.590: [GC 882151K->704170K(1502272K), 0.5476040 secs]
236.631: [GC 908650K->717355K(1502272K), 0.4423560 secs]
237.477: [GC 921835K->716662K(1502272K), 0.2377840 secs]
238.090: [GC 921142K->720552K(1502272K), 0.3181430 secs]
238.731: [GC 925032K->724053K(1502272K), 0.2402880 secs]
239.344: [GC 928533K->734408K(1502272K), 0.4247560 secs]
240.211: [GC 938888K->739064K(1502272K), 0.2710880 secs]
240.883: [GC 943544K->739339K(1502272K), 0.2031770 secs]
241.449: [GC 943819K->742630K(1502272K), 0.1846920 secs]
242.035: [GC 947110K->735852K(1502272K), 0.1921820 secs]
242.752: [GC 940332K->747377K(1502272K), 0.2868240 secs]
243.401: [GC 951857K->763812K(1502272K), 0.5844990 secs]
244.347: [GC 968292K->762914K(1502272K), 0.2122330 secs]
244.976: [GC 967394K->758728K(1502272K), 0.1759750 secs]
245.463: [GC 963208K->765999K(1502272K), 0.2923860 secs]
246.105: [GC 970479K->766007K(1502272K), 0.2024790 secs]
246.658: [GC 970487K->775860K(1502272K), 0.5606850 secs]
247.603: [GC 980340K->817087K(1502272K), 0.8125370 secs]
248.447: [GC 835219K(1502272K), 0.0759100 secs]
249.010: [GC 1021567K->895616K(1502272K), 1.5272450 secs]
250.985: [GC 1100096K->938006K(1502272K), 0.8314580 secs]
252.273: [GC 1142486K->1010749K(1502272K), 1.2072680 secs]
254.101: [GC 1215229K->1065806K(1502272K), 1.0194280 secs]
255.588: [GC 1270286K->1194238K(1502272K), 1.9476960 secs]
260.243: [Full GC 1398718K->560939K(1502272K), 5.5896700 secs]
266.286: [GC 765419K->639845K(1502272K), 0.7779150 secs]
267.495: [GC 844325K->659013K(1502272K), 0.5095750 secs]
268.352: [GC 863493K->671620K(1502272K), 0.3123260 secs]
269.013: [GC 876100K->675390K(1502272K), 0.2531220 secs]
269.591: [GC 879870K->675398K(1502272K), 0.0687930 secs]
270.020: [GC 879878K->673998K(1502272K), 0.1551190 secs]
270.525: [GC 878478K->682131K(1502272K), 0.3160770 secs]
271.191: [GC 886611K->684348K(1502272K), 0.2095550 secs]
271.756: [GC 888828K->699033K(1502272K), 0.3377960 secs]
272.429: [GC 903513K->707128K(1502272K), 0.3051200 secs]
273.043: [GC 911608K->707061K(1502272K), 0.0961200 secs]
273.425: [GC 911541K->721998K(1502272K), 0.3353210 secs]
274.112: [GC 926478K->731548K(1502272K), 0.3103260 secs]
274.727: [GC 936028K->730514K(1502272K), 0.1097540 secs]
275.196: [GC 934994K->733461K(1502272K), 0.2493940 secs]
275.734: [GC 937941K->733991K(1502272K), 0.1714540 secs]
276.225: [GC 938471K->742591K(1502272K), 0.2721240 secs]
276.829: [GC 947071K->739944K(1502272K), 0.1192590 secs]
277.263: [GC 944424K->722535K(1502272K), 0.0463130 secs]
277.636: [GC 927015K->751283K(1502272K), 0.3181300 secs]
278.282: [GC 955763K->755138K(1502272K), 0.2174500 secs]
278.810: [GC 959618K->758716K(1502272K), 0.1805890 secs]
279.303: [GC 963196K->769115K(1502272K), 0.3137040 secs]
279.957: [GC 973595K->767900K(1502272K), 0.1077440 secs]
280.368: [GC 972380K->769256K(1502272K), 0.1614350 secs]
280.836: [GC 973736K->769277K(1502272K), 0.1502170 secs]
281.302: [GC 973757K->775407K(1502272K), 0.3093160 secs]
281.965: [GC 979887K->792923K(1502272K), 0.3785250 secs]
282.689: [GC 997403K->794570K(1502272K), 0.1463740 secs]
283.177: [GC 999050K->801960K(1502272K), 0.2438990 secs]
283.767: [GC 1006440K->805919K(1502272K), 0.2420430 secs]
284.320: [GC 1010399K->856814K(1502272K), 0.7089220 secs]
285.036: [GC 859388K(1502272K), 0.0423110 secs]
285.461: [GC 1061294K->927354K(1502272K), 1.0019160 secs]
286.970: [GC 1131834K->986875K(1502272K), 0.8876670 secs]
288.332: [GC 1191355K->1042124K(1502272K), 0.8733140 secs]
289.569: [GC 1246604K->1101233K(1502272K), 0.9215570 secs]
290.884: [GC 1305713K->1199135K(1502272K), 1.3470480 secs]
294.812: [Full GC 1403615K->538278K(1502272K), 5.5095220 secs]
300.668: [GC 742758K->577245K(1502272K), 0.3206200 secs]
301.294: [GC 781725K->652970K(1502272K), 0.8892450 secs]
302.529: [GC 857450K->673088K(1502272K), 0.3674790 secs]
303.208: [GC 877568K->671995K(1502272K), 0.0791980 secs]
303.578: [GC 875394K->667954K(1502272K), 0.1385580 secs]
304.041: [GC 872434K->667609K(1502272K), 0.0886130 secs]
304.469: [GC 872089K->673116K(1502272K), 0.1632800 secs]
304.952: [GC 877596K->684048K(1502272K), 0.2937230 secs]
305.565: [GC 888528K->682610K(1502272K), 0.0957220 secs]
305.991: [GC 887090K->686229K(1502272K), 0.1670380 secs]
306.498: [GC 890709K->686664K(1502272K), 0.1409160 secs]
306.959: [GC 891144K->695517K(1502272K), 0.2717690 secs]
307.529: [GC 899997K->694256K(1502272K), 0.1093150 secs]
307.962: [GC 898736K->695525K(1502272K), 0.1621940 secs]
308.457: [GC 900005K->707129K(1502272K), 0.3463860 secs]
309.122: [GC 911609K->713178K(1502272K), 0.2365780 secs]
309.671: [GC 917658K->731775K(1502272K), 0.4086820 secs]
310.413: [GC 936255K->731711K(1502272K), 0.1560060 secs]
310.884: [GC 936191K->731793K(1502272K), 0.1622090 secs]
311.365: [GC 936273K->735149K(1502272K), 0.2062450 secs]
311.873: [GC 939629K->751726K(1502272K), 0.3771240 secs]
312.594: [GC 956206K->752053K(1502272K), 0.1852940 secs]
313.089: [GC 956533K->746512K(1502272K), 0.1074050 secs]
313.520: [GC 950992K->771689K(1502272K), 0.3738350 secs]
314.216: [GC 976169K->771689K(1502272K), 0.1921440 secs]
314.743: [GC 976169K->782063K(1502272K), 0.3359230 secs]
315.414: [GC 986543K->787199K(1502272K), 0.2335360 secs]
315.978: [GC 991679K->792507K(1502272K), 0.2055640 secs]
316.513: [GC 996987K->804886K(1502272K), 0.3440740 secs]
317.169: [GC 1009366K->812146K(1502272K), 0.2822050 secs]
317.761: [GC 1016626K->811916K(1502272K), 0.1320730 secs]
318.192: [GC 1016396K->812154K(1502272K), 0.1725520 secs]
318.685: [GC 1016634K->822068K(1502272K), 0.4115030 secs]
319.408: [GC 1026548K->890609K(1502272K), 0.8721920 secs]
320.310: [GC 902222K(1502272K), 0.0546710 secs]
320.740: [GC 1095089K->1032536K(1502272K), 1.8054860 secs]
322.892: [GC 1237016K->1155110K(1502272K), 1.6328970 secs]
325.948: [Full GC 1359590K->489145K(1502272K), 4.7546850 secs]
331.220: [GC 693625K->616019K(1502272K), 1.2025070 secs]
332.791: [GC 820499K->670279K(1502272K), 0.7559390 secs]
333.583: [GC 683819K(1502272K), 0.0734550 secs]
334.029: [GC 874759K->680634K(1502272K), 0.2998500 secs]
334.849: [GC 885114K->682338K(1502272K), 0.4372630 secs]
335.979: [GC 886818K->685928K(1502272K), 0.3076620 secs]
337.001: [GC 890408K->680692K(1502272K), 0.2914970 secs]
337.934: [GC 885172K->678625K(1502272K), 0.1779210 secs]
338.689: [GC 883105K->674726K(1502272K), 0.1757210 secs]
339.559: [GC 879206K->685116K(1502272K), 0.2565770 secs]
340.302: [GC 889596K->694692K(1502272K), 0.3608310 secs]
341.070: [GC 899172K->698445K(1502272K), 0.2412160 secs]
341.654: [GC 902925K->715098K(1502272K), 0.4827870 secs]
342.529: [GC 919578K->726849K(1502272K), 0.6016140 secs]
343.710: [GC 931329K->733994K(1502272K), 0.4300740 secs]
344.595: [GC 938474K->735893K(1502272K), 0.2641040 secs]
345.257: [GC 940373K->738234K(1502272K), 0.2750310 secs]
345.980: [GC 942714K->748446K(1502272K), 0.3899210 secs]
346.804: [GC 952926K->755929K(1502272K), 0.3491760 secs]
347.582: [GC 960409K->773859K(1502272K), 0.4943440 secs]
348.505: [GC 978339K->773465K(1502272K), 0.1849830 secs]
349.101: [GC 977945K->769843K(1502272K), 0.1490720 secs]
349.658: [GC 974323K->778500K(1502272K), 0.3433330 secs]
350.408: [GC 982980K->779443K(1502272K), 0.2400080 secs]
350.716: [GC 817482K(1502272K), 0.0958800 secs]
351.173: [GC 983919K->791623K(1502272K), 0.4463630 secs]
352.103: [GC 996103K->799061K(1502272K), 0.3684040 secs]
352.946: [GC 1003541K->803258K(1502272K), 0.2860830 secs]
353.615: [GC 1007738K->819604K(1502272K), 0.7111200 secs]
354.783: [GC 1024084K->819250K(1502272K), 0.1807610 secs]
355.446: [GC 1011198K->801747K(1502272K), 0.1726810 secs]
356.061: [GC 1001013K->805130K(1502272K), 0.2578200 secs]
356.873: [GC 996809K->792413K(1502272K), 0.1769900 secs]
357.511: [GC 996893K->801027K(1502272K), 0.4376890 secs]
358.301: [GC 1005507K->870572K(1502272K), 1.2693670 secs]
359.616: [GC 888533K(1502272K), 0.0654730 secs]
360.100: [GC 1075052K->929543K(1502272K), 1.2270360 secs]
361.830: [GC 1134023K->990041K(1502272K), 1.0988400 secs]
363.423: [GC 1194521K->1015121K(1502272K), 0.6389110 secs]
364.512: [GC 1219601K->1120991K(1502272K), 1.7798700 secs]
366.765: [GC 1325471K->1247300K(1502272K), 2.2159790 secs]
372.272: [Full GC 1451780K->599542K(1502272K), 5.4981510 secs]
378.218: [GC 804022K->639702K(1502272K), 0.3856110 secs]
378.959: [GC 844182K->660442K(1502272K), 0.6860750 secs]
380.121: [GC 864922K->670499K(1502272K), 0.4162730 secs]
380.943: [GC 874979K->677430K(1502272K), 0.3670700 secs]
381.673: [GC 881910K->679661K(1502272K), 0.3026730 secs]
382.348: [GC 884141K->677394K(1502272K), 0.2836520 secs]
383.154: [GC 881874K->674018K(1502272K), 0.2775550 secs]
383.815: [GC 878498K->684489K(1502272K), 0.2924660 secs]
384.496: [GC 888969K->685045K(1502272K), 0.2306270 secs]
385.075: [GC 889525K->694640K(1502272K), 0.3863450 secs]
385.817: [GC 899120K->698609K(1502272K), 0.2716400 secs]
386.478: [GC 903089K->699591K(1502272K), 0.2224160 secs]
387.064: [GC 904071K->710947K(1502272K), 0.4336100 secs]
387.877: [GC 915427K->710498K(1502272K), 0.1549460 secs]
388.515: [GC 914978K->714467K(1502272K), 0.2827640 secs]
389.218: [GC 918947K->716122K(1502272K), 0.2277650 secs]
389.803: [GC 920602K->709964K(1502272K), 0.1732200 secs]
390.329: [GC 914444K->721145K(1502272K), 0.3088460 secs]
391.035: [GC 925625K->722457K(1502272K), 0.2636820 secs]
391.662: [GC 926937K->720168K(1502272K), 0.1878370 secs]
392.189: [GC 924648K->729000K(1502272K), 0.3258530 secs]
392.844: [GC 933480K->731349K(1502272K), 0.3032650 secs]
393.526: [GC 935829K->735060K(1502272K), 0.2066210 secs]
394.134: [GC 939540K->745157K(1502272K), 0.4018510 secs]
394.855: [GC 949637K->749490K(1502272K), 0.2995580 secs]
395.494: [GC 953970K->749949K(1502272K), 0.2770510 secs]
396.126: [GC 954429K->749333K(1502272K), 0.1935690 secs]
396.699: [GC 953813K->746158K(1502272K), 0.1606820 secs]
397.244: [GC 950638K->741962K(1502272K), 0.1167170 secs]
397.701: [GC 946442K->749977K(1502272K), 0.2389120 secs]
398.306: [GC 954457K->749995K(1502272K), 0.2219010 secs]
398.861: [GC 954475K->757073K(1502272K), 0.3940910 secs]
399.630: [GC 961553K->754635K(1502272K), 0.1199800 secs]
