1.756: [GC 23872K->14664K(91520K), 0.0311570 secs]
2.312: [GC 38536K->15056K(115392K), 0.0125070 secs]
2.911: [GC 62800K->15960K(115392K), 0.0350850 secs]
3.437: [GC 63704K->16892K(163136K), 0.0416070 secs]
4.214: [GC 112380K->18868K(163136K), 0.0362270 secs]
4.610: [GC 114356K->21861K(259712K), 0.0418710 secs]
5.257: [GC 211493K->26966K(261056K), 0.0602850 secs]
6.015: [GC 216598K->31262K(451584K), 0.0675510 secs]
7.708: [GC 408286K->40982K(453824K), 0.1243690 secs]
9.621: [GC 418006K->51070K(549248K), 0.1407780 secs]
11.491: [GC 518462K->61891K(552000K), 0.1761940 secs]
11.668: [Full GC 61891K->51935K(593856K), 1.5440140 secs]
15.115: [GC 519327K->63119K(592768K), 0.1182640 secs]
17.223: [GC 530831K->80091K(593472K), 0.3140110 secs]
19.588: [GC 547803K->91062K(586688K), 0.2421470 secs]
21.334: [GC 550902K->102070K(587584K), 0.2130260 secs]
23.269: [GC 561910K->111958K(575552K), 0.2741930 secs]
24.905: [GC 554774K->122334K(581568K), 0.2376080 secs]
25.143: [Full GC 122334K->117625K(663424K), 3.0416970 secs]
29.714: [GC 560441K->128532K(662208K), 0.2710420 secs]
31.672: [GC 571412K->151261K(662848K), 0.2669070 secs]
33.593: [GC 594141K->161772K(648512K), 0.3217230 secs]
35.405: [GC 589100K->171020K(649344K), 0.2499910 secs]
37.031: [GC 598348K->181388K(638400K), 0.2700780 secs]
39.151: [GC 587724K->191072K(645184K), 0.3976800 secs]
39.549: [Full GC 191072K->182022K(749120K), 7.3786390 secs]
48.123: [GC 588358K->190918K(748096K), 0.1008650 secs]
49.547: [GC 597510K->200998K(716928K), 0.1510580 secs]
51.017: [GC 607590K->211046K(747840K), 0.1891430 secs]
52.512: [GC 619174K->219878K(747968K), 0.2245170 secs]
53.971: [GC 628006K->229958K(736640K), 0.2703320 secs]
55.390: [GC 623622K->239718K(742720K), 0.3140850 secs]
56.914: [GC 633382K->248190K(705984K), 0.4311460 secs]
58.738: [GC 604990K->261822K(719616K), 0.7695790 secs]
61.643: [GC 618622K->289211K(673280K), 0.7311840 secs]
64.532: [GC 590203K->295730K(662528K), 0.7454360 secs]
66.379: [GC 596722K->302506K(687552K), 0.7151660 secs]
68.608: [GC 590698K->309897K(690048K), 0.5596550 secs]
70.487: [GC 598089K->316241K(678336K), 0.4756150 secs]
70.963: [Full GC 316241K->298777K(815104K), 11.7930320 secs]
84.300: [GC 588889K->305518K(821248K), 0.6333270 secs]
86.467: [GC 595630K->312174K(833280K), 0.2159080 secs]
87.883: [GC 613678K->319086K(752896K), 0.2350370 secs]
89.389: [GC 620590K->327118K(835264K), 0.2786850 secs]
90.845: [GC 633806K->334094K(830784K), 0.3245060 secs]
92.407: [GC 640782K->341070K(834368K), 0.3679220 secs]
93.998: [GC 656782K->348206K(831424K), 0.4238780 secs]
95.636: [GC 663918K->356558K(844096K), 0.4781570 secs]
97.490: [GC 685070K->363950K(824768K), 0.5580470 secs]
99.412: [GC 692462K->371382K(831168K), 0.6421030 secs]
101.393: [GC 679798K->379566K(818240K), 0.6119090 secs]
103.219: [GC 687982K->386582K(814336K), 0.6280060 secs]
105.001: [GC 665302K->392917K(787776K), 0.6826240 secs]
106.874: [GC 671637K->399113K(819328K), 0.6459110 secs]
108.710: [GC 671625K->405253K(765504K), 0.5762470 secs]
110.382: [GC 677765K->411257K(819456K), 0.5224820 secs]
112.039: [GC 688441K->417532K(814784K), 0.4972370 secs]
113.673: [GC 694716K->424764K(821888K), 0.4402500 secs]
115.211: [GC 711996K->431216K(820224K), 0.3776090 secs]
116.870: [GC 718448K->437615K(830272K), 0.3778590 secs]
117.248: [Full GC 437615K->436421K(984192K), 6.6086070 secs]
125.046: [GC 734597K->443622K(983808K), 0.7015520 secs]
126.960: [GC 741798K->450242K(986816K), 0.2005560 secs]
128.417: [GC 750146K->457090K(905408K), 0.2644470 secs]
129.891: [GC 756994K->465090K(988032K), 0.3056630 secs]
131.462: [GC 769090K->472034K(983936K), 0.3315320 secs]
133.078: [GC 776034K->478946K(987712K), 0.3557720 secs]
134.648: [GC 791842K->486050K(984128K), 0.4145720 secs]
136.250: [GC 798946K->494279K(996160K), 0.4399710 secs]
138.104: [GC 819975K->507712K(979008K), 0.5311380 secs]
140.258: [GC 833408K->536056K(971648K), 0.7538070 secs]
142.541: [GC 830264K->563659K(983168K), 0.8489910 secs]
144.604: [GC 857867K->571255K(935936K), 0.7172310 secs]
146.285: [GC 817079K->576911K(919552K), 0.6670840 secs]
147.919: [GC 822735K->582386K(958272K), 0.6030210 secs]
149.462: [GC 822706K->587962K(955328K), 0.5858890 secs]
150.048: [Full GC 587962K->554699K(1120896K), 20.0202800 secs]
171.080: [GC 795019K->559275K(1118400K), 0.1334850 secs]
172.161: [GC 797035K->564971K(1120960K), 0.1693880 secs]
173.281: [GC 802731K->570635K(1116096K), 0.2134050 secs]
174.456: [GC 808907K->576299K(1118784K), 0.2661610 secs]
175.661: [GC 814571K->581995K(1114496K), 0.2769670 secs]
176.871: [GC 829419K->587787K(1118528K), 0.2944870 secs]
178.127: [GC 835211K->593675K(1121728K), 0.3168270 secs]
179.483: [GC 862155K->599947K(1126400K), 0.4124010 secs]
180.926: [GC 868427K->607307K(1142208K), 0.4345290 secs]
182.723: [GC 901323K->614027K(1143872K), 0.4857560 secs]
184.355: [GC 908043K->620779K(1150400K), 0.5181880 secs]
186.050: [GC 921259K->627683K(1116480K), 0.6842750 secs]
188.159: [GC 928163K->634431K(1146560K), 0.5592620 secs]
189.880: [GC 926847K->642187K(1111744K), 0.6848540 secs]
191.781: [GC 934603K->648791K(1143488K), 0.7581640 secs]
193.751: [GC 934423K->655182K(1145024K), 0.6294280 secs]
195.669: [GC 940814K->661606K(1137984K), 0.7225330 secs]
197.528: [GC 948262K->667938K(1141760K), 0.5114300 secs]
199.175: [GC 954594K->674326K(1144064K), 0.5157530 secs]
200.842: [GC 973206K->682013K(1146240K), 0.4699950 secs]
202.526: [GC 980893K->688665K(1154816K), 0.6168360 secs]
204.600: [GC 1000217K->695569K(1156096K), 0.3935130 secs]
206.279: [GC 1007121K->702521K(1157440K), 0.3664920 secs]
208.036: [GC 1018233K->710612K(1158848K), 0.3556530 secs]
209.791: [GC 1026324K->717748K(1155200K), 0.3363460 secs]
211.340: [GC 1037492K->724980K(1158144K), 0.7830330 secs]
213.885: [GC 1044724K->733300K(1159168K), 0.4509250 secs]
215.954: [GC 1065204K->740664K(1161920K), 0.6426270 secs]
218.232: [GC 1072568K->748072K(1169152K), 0.4805480 secs]
220.311: [GC 1095976K->757032K(1171392K), 0.5554150 secs]
222.479: [GC 1104936K->764808K(1174080K), 0.6513360 secs]
224.673: [GC 1114824K->772392K(1159872K), 0.5242000 secs]
226.624: [GC 1122408K->781524K(1170432K), 0.4528670 secs]
228.466: [GC 1122580K->789140K(1160640K), 0.4416520 secs]
230.198: [GC 1130196K->797908K(1154752K), 0.5637170 secs]
231.923: [GC 1116436K->805067K(1146880K), 0.5080410 secs]
233.732: [GC 1123595K->812107K(1148864K), 0.5277910 secs]
234.260: [Full GC 812107K->808940K(1334720K), 11.7661110 secs]
247.234: [GC 1109548K->816718K(1338368K), 1.1507620 secs]
249.544: [GC 1117326K->824750K(1338048K), 0.4650410 secs]
251.111: [GC 1128430K->831666K(1338496K), 0.5567690 secs]
252.774: [GC 1135346K->838650K(1339968K), 0.5076210 secs]
254.596: [GC 1143482K->845618K(1308992K), 0.6378260 secs]
256.612: [GC 1150450K->853394K(1343040K), 0.5049750 secs]
258.681: [GC 1162194K->860058K(1339584K), 0.9547200 secs]
261.047: [GC 1168858K->866913K(1340800K), 0.5894220 secs]
262.738: [GC 1178913K->873645K(1339904K), 0.4055780 secs]
264.388: [GC 1185645K->881705K(1346880K), 0.4043040 secs]
266.039: [GC 1200553K->888645K(1281920K), 0.3777480 secs]
267.939: [GC 1207493K->895736K(1345792K), 0.4312890 secs]
269.681: [GC 1211704K->903948K(1280448K), 0.2986760 secs]
271.095: [GC 1219916K->910956K(1346624K), 0.3737110 secs]
272.566: [GC 1228140K->918056K(1280576K), 0.3100540 secs]
274.016: [GC 1235240K->925164K(1347008K), 0.3080450 secs]
275.571: [GC 1245164K->933368K(1345216K), 0.3010700 secs]
277.007: [GC 1253368K->940632K(1347392K), 0.3051100 secs]
278.576: [GC 1268056K->947992K(1347008K), 0.3483270 secs]
280.100: [GC 1275416K->956504K(1352640K), 0.4392770 secs]
281.791: [GC 1293272K->964003K(1352448K), 0.4167260 secs]
283.460: [GC 1300771K->971419K(1360000K), 0.4162040 secs]
285.123: [GC 1316443K->980235K(1359936K), 0.4809430 secs]
285.604: [Full GC 980235K->978246K(1445056K), 13.4981960 secs]
300.757: [GC 1323270K->986887K(1439616K), 1.3583460 secs]
304.032: [GC 1333191K->995815K(1442944K), 0.5927870 secs]
306.678: [GC 1342119K->1032270K(1422912K), 0.8544930 secs]
309.537: [GC 1358478K->1075700K(1436288K), 1.0784280 secs]
312.545: [GC-- 1401908K->1436253K(1436288K), 1.6525680 secs]
314.198: [Full GC 1436253K->1018559K(1436288K), 48.4590920 secs]
364.245: [Full GC 1344767K->1055643K(1436288K), 15.2563680 secs]
380.724: [Full GC 1344767K->1062172K(1436288K), 12.0841870 secs]
394.222: [Full GC 1344767K->1068555K(1436288K), 4.9616820 secs]
399.666: [Full GC 1344767K->1074812K(1436288K), 3.8206080 secs]
403.923: [Full GC 1344767K->1080979K(1436288K), 10.7655090 secs]
415.938: [Full GC 1344767K->1087012K(1436288K), 11.9634900 secs]
429.009: [Full GC 1344766K->1092956K(1436288K), 8.4392370 secs]
438.521: [Full GC 1344766K->1098529K(1436288K), 9.7020210 secs]
449.227: [Full GC 1344766K->1104242K(1436288K), 10.8534840 secs]
461.089: [Full GC 1344766K->1109848K(1436288K), 11.7347790 secs]
473.833: [Full GC 1344765K->1115330K(1436288K), 8.5693280 secs]
483.369: [Full GC 1344765K->1120729K(1436288K), 10.6897730 secs]
494.995: [Full GC 1344764K->1126006K(1436288K), 9.5589000 secs]
505.718: [Full GC 1344764K->1131183K(1436288K), 13.0581650 secs]
519.834: [Full GC 1344764K->1136290K(1436288K), 12.6320770 secs]
533.517: [Full GC 1344764K->1141281K(1436288K), 14.4097680 secs]
548.989: [Full GC 1344764K->1145127K(1436288K), 11.7051880 secs]
561.565: [Full GC 1344764K->1149962K(1436288K), 11.7026590 secs]
574.161: [Full GC 1344764K->1154707K(1436288K), 11.8792140 secs]
586.966: [Full GC 1344764K->1159379K(1436288K), 13.8595910 secs]
601.784: [Full GC 1344764K->1163939K(1436288K), 10.4413830 secs]
612.274: [Full GC 1169367K->1164033K(1436288K), 12.8089650 secs]
626.013: [Full GC 1344764K->1167434K(1436288K), 14.0483280 secs]
640.840: [Full GC 1344764K->1171833K(1436288K), 9.9158300 secs]
651.546: [Full GC 1344764K->1176083K(1436288K), 10.0933400 secs]
662.398: [Full GC 1344765K->1179270K(1436288K), 12.8192960 secs]
676.251: [Full GC 1344765K->1183444K(1436288K), 11.3952370 secs]
688.325: [Full GC 1344765K->1187527K(1436288K), 13.4292320 secs]
702.441: [Full GC 1344765K->1190505K(1436288K), 12.7924130 secs]
715.987: [Full GC 1344765K->1194479K(1436288K), 13.9530740 secs]
730.666: [Full GC 1344764K->1198366K(1436288K), 11.9926160 secs]
743.306: [Full GC 1344767K->1201132K(1436288K), 12.2808860 secs]
756.256: [Full GC 1344767K->1204904K(1436288K), 11.8031600 secs]
768.778: [Full GC 1344767K->1207553K(1436288K), 12.6815850 secs]
782.310: [Full GC 1344767K->1211207K(1436288K), 12.4948820 secs]
795.408: [Full GC 1344767K->1213743K(1436288K), 12.6858960 secs]
808.700: [Full GC 1344767K->1217258K(1436288K), 12.1259060 secs]
821.412: [Full GC 1344767K->1220717K(1436288K), 14.3476580 secs]
836.336: [Full GC 1344767K->1223063K(1436288K), 12.5472490 secs]
849.420: [Full GC 1344767K->1226082K(1436288K), 11.8763660 secs]
862.087: [Full GC 1344767K->1228677K(1436288K), 14.7319410 secs]
877.447: [Full GC 1344767K->1230847K(1436288K), 13.8861750 secs]
891.883: [Full GC 1344767K->1234049K(1436288K), 16.2497170 secs]
908.891: [Full GC 1344767K->1236161K(1436288K), 17.0853400 secs]
926.373: [Full GC 1344767K->1239250K(1436288K), 13.9331450 secs]
940.699: [Full GC 1344767K->1241245K(1436288K), 11.6834510 secs]
952.966: [Full GC 1344767K->1244244K(1436288K), 12.7096390 secs]
