1.624: [GC 23872K->12674K(91520K), 0.0398960 secs]
2.193: [GC 36546K->20046K(115392K), 0.0370800 secs]
2.832: [GC 67790K->24490K(115392K), 0.0451300 secs]
3.289: [GC 72234K->22162K(163136K), 0.0180610 secs]
3.843: [GC 117650K->24114K(163136K), 0.0277590 secs]
4.182: [GC 119602K->27122K(268352K), 0.0363540 secs]
4.868: [GC 218098K->32243K(269440K), 0.0648650 secs]
5.668: [GC 223219K->36435K(459520K), 0.0816470 secs]
7.124: [GC 416467K->46026K(461440K), 0.1500440 secs]
8.520: [GC 426058K->56830K(544704K), 0.1700670 secs]
11.042: [GC 514878K->66930K(547328K), 0.2411410 secs]
11.284: [Full GC 66930K->52213K(586112K), 1.0872900 secs]
13.939: [GC 510261K->63381K(582336K), 0.1034130 secs]
15.716: [GC 522645K->80275K(584832K), 0.1823790 secs]
17.362: [GC 539539K->91457K(584832K), 0.2152430 secs]
18.935: [GC 546945K->102429K(569152K), 0.1539210 secs]
19.089: [Full GC 102429K->97939K(642944K), 2.4986140 secs]
23.058: [GC 553427K->109267K(658624K), 0.0982800 secs]
24.538: [GC 565843K->120435K(657536K), 0.1527240 secs]
26.119: [GC 577011K->134135K(644352K), 0.2257570 secs]
27.750: [GC 575031K->153043K(646016K), 0.2597290 secs]
29.390: [GC 593939K->163907K(635648K), 0.2193950 secs]
30.923: [GC 586115K->174202K(641984K), 0.2583810 secs]
31.181: [Full GC 174202K->165279K(739264K), 5.3390700 secs]
38.126: [GC 587487K->175839K(735936K), 0.1258310 secs]
39.717: [GC 600095K->185279K(738624K), 0.2218430 secs]
41.912: [GC 609535K->195903K(738944K), 0.3468030 secs]
61.636: [GC 622207K->210063K(741312K), 0.7560280 secs]
67.014: [GC 636367K->216175K(713792K), 0.6626000 secs]
70.150: [GC 614959K->221927K(727552K), 0.5298540 secs]
72.805: [GC 620711K->227687K(724096K), 0.4922300 secs]
75.536: [GC 623143K->233447K(713280K), 0.5214230 secs]
78.165: [GC 628903K->240327K(712256K), 0.5981840 secs]
80.765: [GC 618759K->246023K(708800K), 0.5921780 secs]
83.439: [GC 624455K->251591K(697536K), 0.6628840 secs]
85.980: [GC 604039K->256583K(693376K), 0.7311560 secs]
88.438: [GC 609031K->261766K(687808K), 0.7721330 secs]
90.937: [GC 590406K->267454K(660096K), 0.8297950 secs]
93.601: [GC 596094K->272406K(691072K), 0.6895590 secs]
95.644: [GC 598614K->277230K(649792K), 0.5283560 secs]
97.298: [GC 603438K->282050K(692480K), 0.4048560 secs]
99.004: [GC 612226K->287018K(688704K), 0.4399930 secs]
100.563: [GC 617194K->293226K(693312K), 0.3032380 secs]
100.866: [Full GC 293226K->249476K(794752K), 6.8698150 secs]
109.012: [GC 586692K->254564K(793024K), 0.0769090 secs]
110.273: [GC 591780K->259588K(799680K), 0.1147410 secs]
111.553: [GC 600772K->264804K(731520K), 0.1391170 secs]
112.852: [GC 605988K->270532K(802112K), 0.2268840 secs]
114.264: [GC 614852K->276900K(746752K), 0.2223800 secs]
115.683: [GC 621220K->282116K(801856K), 0.2486480 secs]
117.183: [GC 632644K->287236K(797568K), 0.2738010 secs]
119.927: [GC 637764K->294436K(805248K), 0.4198540 secs]
122.749: [GC 654564K->294756K(805952K), 0.2859950 secs]
124.688: [GC 654884K->294756K(812736K), 0.2985910 secs]
127.002: [GC 661156K->294756K(786688K), 0.3117870 secs]
129.186: [GC 661156K->294756K(813120K), 0.2885570 secs]
130.660: [GC 661604K->294788K(787200K), 0.2942090 secs]
132.146: [GC 661636K->294788K(813056K), 0.2954360 secs]
134.908: [GC 662532K->294788K(812352K), 0.2968330 secs]
136.397: [GC 662532K->294812K(810624K), 0.2878750 secs]
137.900: [GC 665628K->294820K(811840K), 0.2586200 secs]
140.720: [GC 665636K->294836K(816960K), 0.2341060 secs]
142.211: [GC 673780K->294868K(817280K), 0.2126470 secs]
143.674: [GC 673812K->294836K(819648K), 0.1626690 secs]
145.072: [GC 676212K->294828K(769088K), 0.1336130 secs]
146.627: [GC 676204K->294876K(817024K), 0.0993910 secs]
148.950: [GC 672028K->294900K(752640K), 0.0795110 secs]
151.829: [GC 672052K->294956K(815488K), 0.0418190 secs]
153.115: [GC 667884K->294900K(816064K), 0.0221340 secs]
154.338: [GC 667828K->294876K(814272K), 0.0223560 secs]
158.082: [GC 667932K->304228K(757440K), 0.1585370 secs]
160.570: [GC 677284K->312268K(819392K), 0.1799830 secs]
162.112: [GC 692364K->317908K(815104K), 0.1917330 secs]
163.609: [GC 698004K->323548K(817664K), 0.2286530 secs]
165.209: [GC 708764K->329156K(817344K), 0.2695290 secs]
166.801: [GC 714372K->334796K(819392K), 0.3612980 secs]
168.424: [GC 720524K->340372K(806272K), 0.3326600 secs]
170.124: [GC 726100K->345948K(807360K), 0.3755780 secs]
171.796: [GC 712220K->351332K(797760K), 0.4520920 secs]
173.500: [GC 717604K->356716K(793152K), 0.4387220 secs]
175.202: [GC 697260K->361748K(782400K), 0.4537740 secs]
176.890: [GC 702292K->366684K(778176K), 0.4774870 secs]
178.620: [GC 678428K->371084K(762944K), 0.5073370 secs]
180.286: [GC 682828K->375536K(770496K), 0.5282470 secs]
181.848: [GC 665008K->379848K(774336K), 0.5456810 secs]
183.386: [GC 669320K->384096K(766272K), 0.4488800 secs]
184.834: [GC 674336K->388256K(770688K), 0.4578050 secs]
186.490: [GC 678496K->392504K(772352K), 0.3661690 secs]
187.905: [GC 696248K->396960K(775040K), 0.3476270 secs]
188.255: [Full GC 396960K->307560K(845504K), 6.4744450 secs]
195.945: [GC 611304K->313544K(856256K), 0.0737950 secs]
197.172: [GC 630600K->318184K(858496K), 0.1152860 secs]
198.427: [GC 635240K->328872K(853760K), 0.1698000 secs]
199.730: [GC 645928K->341160K(856128K), 0.2026150 secs]
201.118: [GC 658216K->350376K(857280K), 0.2361480 secs]
202.533: [GC 677224K->360328K(857920K), 0.2914020 secs]
204.316: [GC 687176K->363136K(867904K), 0.2893620 secs]
205.701: [GC 700352K->363160K(827712K), 0.2481700 secs]
207.055: [GC 700376K->363192K(869632K), 0.2206090 secs]
208.388: [GC 704760K->363248K(866624K), 0.1758970 secs]
210.146: [GC 704816K->363264K(870848K), 0.1353570 secs]
211.405: [GC 709952K->363264K(871168K), 0.0877940 secs]
212.641: [GC 709952K->363264K(873792K), 0.0860950 secs]
213.888: [GC 714816K->363264K(874688K), 0.0915180 secs]
215.115: [GC 714816K->363264K(873984K), 0.0968340 secs]
216.619: [GC 718592K->363296K(875200K), 0.0896960 secs]
218.724: [GC 718624K->363680K(876416K), 0.1334740 secs]
221.381: [GC 726176K->371200K(877888K), 0.1860440 secs]
222.835: [GC 733696K->376512K(879680K), 0.2391760 secs]
224.350: [GC 749568K->382016K(881088K), 0.2408330 secs]
225.938: [GC 755072K->387456K(886080K), 0.2775190 secs]
227.528: [GC 772800K->392960K(889152K), 0.2855650 secs]
229.139: [GC 778304K->398632K(895872K), 0.3019760 secs]
230.734: [GC 792872K->404344K(880960K), 0.3549210 secs]
232.481: [GC 798584K->410088K(887808K), 0.3679530 secs]
234.192: [GC 793128K->415728K(881088K), 0.3916490 secs]
235.983: [GC 798768K->421208K(874816K), 0.4227470 secs]
237.623: [GC 782488K->426368K(869952K), 0.4635380 secs]
239.372: [GC 787648K->431560K(860352K), 0.4882940 secs]
241.068: [GC 765960K->436368K(839744K), 0.5146150 secs]
242.711: [GC 770768K->441264K(865536K), 0.4579100 secs]
244.378: [GC 771568K->446176K(823168K), 0.4253860 secs]
245.985: [GC 776480K->450936K(865152K), 0.3876830 secs]
247.499: [GC 784760K->455768K(861632K), 0.3560710 secs]
249.088: [GC 789592K->460616K(867840K), 0.3180910 secs]
249.406: [Full GC 460616K->345297K(926976K), 10.9486480 secs]
261.679: [GC 687569K->350385K(925696K), 0.1006090 secs]
263.009: [GC 692657K->355569K(931776K), 0.1283900 secs]
264.336: [GC 701489K->360593K(865792K), 0.1568880 secs]
265.729: [GC 706513K->365681K(933824K), 0.1806710 secs]
267.713: [GC 714545K->371953K(880128K), 0.3092540 secs]
269.216: [GC 720817K->373201K(933440K), 0.2014570 secs]
270.985: [GC 727953K->373201K(929728K), 0.2011780 secs]
272.735: [GC 727953K->373201K(939456K), 0.2003880 secs]
274.129: [GC 741073K->373201K(936320K), 0.1956580 secs]
275.520: [GC 741073K->373201K(946560K), 0.2134060 secs]
276.962: [GC 754257K->373233K(943872K), 0.1954060 secs]
278.472: [GC 754289K->373201K(952640K), 0.2294650 secs]
279.961: [GC 765521K->373233K(950400K), 0.1934860 secs]
281.478: [GC 765553K->373233K(957824K), 0.2218310 secs]
282.994: [GC 775153K->373201K(955904K), 0.1919900 secs]
284.722: [GC 775121K->373242K(961472K), 0.1993080 secs]
286.377: [GC 782522K->373274K(960704K), 0.1656880 secs]
289.196: [GC 782554K->373330K(965632K), 0.1494010 secs]
291.176: [GC 787538K->373314K(926336K), 0.1099620 secs]
292.779: [GC 787522K->373354K(962496K), 0.0819210 secs]
294.200: [GC 782890K->373277K(914240K), 0.0354120 secs]
295.758: [GC 782813K->373253K(962688K), 0.0420370 secs]
299.565: [GC 780613K->380277K(919040K), 0.1889510 secs]
303.233: [GC 787637K->390365K(964608K), 0.2093810 secs]
304.974: [GC 800989K->396397K(961536K), 0.2272140 secs]
306.683: [GC 807021K->402333K(962304K), 0.2788450 secs]
308.332: [GC 814301K->408421K(951744K), 0.3046770 secs]
310.096: [GC 820389K->414413K(953792K), 0.3473310 secs]
311.848: [GC 813069K->420117K(950080K), 0.3579060 secs]
313.633: [GC 818773K->425853K(939392K), 0.3952190 secs]
315.271: [GC 799549K->431301K(936320K), 0.4287200 secs]
317.131: [GC 804997K->436629K(923456K), 0.4538790 secs]
318.849: [GC 780501K->441517K(916672K), 0.4827100 secs]
320.574: [GC 785389K->446485K(907392K), 0.5097800 secs]
322.135: [GC 758741K->450961K(877504K), 0.5437920 secs]
323.840: [GC 763217K->455521K(915648K), 0.4698630 secs]
325.358: [GC 766561K->459961K(861184K), 0.3974510 secs]
326.875: [GC 771001K->464505K(913024K), 0.3764490 secs]
328.319: [GC 779577K->469089K(908992K), 0.3199560 secs]
329.820: [GC 784161K->473665K(919552K), 0.2956590 secs]
331.224: [GC 801985K->478721K(917760K), 0.2668260 secs]
332.731: [GC 807041K->483833K(926784K), 0.2467630 secs]
334.105: [GC 822585K->488577K(925760K), 0.2173530 secs]
335.524: [GC 827329K->493489K(929984K), 0.2225160 secs]
336.908: [GC 837233K->498513K(929600K), 0.1753540 secs]
337.084: [Full GC 498513K->385260K(987264K), 8.0452510 secs]
346.474: [GC 729004K->390508K(988928K), 0.0976060 secs]
348.551: [GC 737452K->393100K(989248K), 0.0993530 secs]
349.795: [GC 740044K->393100K(988544K), 0.0900590 secs]
351.953: [GC 744268K->393132K(989120K), 0.0895150 secs]
353.522: [GC 744300K->393132K(992384K), 0.0850410 secs]
355.972: [GC 753516K->393132K(993088K), 0.0902960 secs]
358.179: [GC 753516K->393100K(997440K), 0.1169010 secs]
359.505: [GC 764300K->393132K(998144K), 0.0838080 secs]
361.574: [GC 764332K->393132K(1003072K), 0.0872270 secs]
363.900: [GC 775852K->393164K(1003840K), 0.0899970 secs]
366.080: [GC 775884K->393132K(1009024K), 0.0911630 secs]
368.545: [GC 787436K->393132K(1009792K), 0.0878080 secs]
371.058: [GC 787436K->393132K(1014976K), 0.0927260 secs]
373.002: [GC 798636K->393164K(1015616K), 0.0877330 secs]
375.468: [GC 798668K->393196K(1020608K), 0.0804910 secs]
376.906: [GC 809196K->393180K(1021184K), 0.0920690 secs]
378.335: [GC 809180K->393252K(1027264K), 0.0513880 secs]
380.300: [GC 818084K->393204K(1027456K), 0.0361390 secs]
382.221: [GC 818036K->393212K(1029248K), 0.0309900 secs]
386.853: [GC 822972K->405572K(1029632K), 0.1806350 secs]
388.541: [GC 835332K->412108K(1031744K), 0.1814480 secs]
390.180: [GC 845388K->418356K(1020736K), 0.3138510 secs]
391.912: [GC 851636K->424860K(1021888K), 0.2784480 secs]
393.667: [GC 844252K->430852K(1019328K), 0.3057800 secs]
395.441: [GC 850244K->436844K(1007104K), 0.3362630 secs]
397.097: [GC 830892K->442564K(1005696K), 0.3707580 secs]
398.926: [GC 836612K->448204K(990400K), 0.4093000 secs]
400.645: [GC 811276K->453404K(985536K), 0.4319380 secs]
402.339: [GC 816476K->458604K(973504K), 0.4656630 secs]
403.905: [GC 788524K->463444K(962368K), 0.4838010 secs]
405.605: [GC 793364K->467900K(966208K), 0.5052090 secs]
407.181: [GC 773884K->472356K(969856K), 0.5245070 secs]
408.773: [GC 778340K->476748K(961344K), 0.4083940 secs]
410.238: [GC 783308K->481204K(965888K), 0.4045590 secs]
411.661: [GC 787764K->485676K(967680K), 0.3142020 secs]
413.046: [GC 805996K->490324K(970688K), 0.2780020 secs]
414.482: [GC 810644K->495028K(979072K), 0.2704370 secs]
415.929: [GC 830708K->500004K(981376K), 0.2408400 secs]
417.420: [GC 835684K->505356K(984704K), 0.2286870 secs]
418.821: [GC 849228K->510324K(986752K), 0.1973620 secs]
420.165: [GC 854196K->515180K(988928K), 0.2329610 secs]
421.354: [GC 864044K->520500K(990336K), 0.0603760 secs]
422.333: [GC 869364K->524564K(988992K), 0.0565270 secs]
423.336: [GC 876564K->524596K(990720K), 0.0308710 secs]
424.320: [GC 876596K->524596K(990720K), 0.0378700 secs]
425.459: [GC 882932K->524596K(992704K), 0.0271690 secs]
426.544: [GC 882932K->524596K(994560K), 0.0414880 secs]
427.107: [GC 892148K->524596K(996672K), 0.0277460 secs]
428.211: [GC 892148K->524596K(999552K), 0.0355770 secs]
428.821: [GC 902900K->524596K(1001728K), 0.0270870 secs]
429.387: [GC 902900K->524596K(1005312K), 0.0304930 secs]
430.005: [GC 914420K->524628K(1007424K), 0.0272960 secs]
430.686: [GC 914452K->524596K(1011200K), 0.0270610 secs]
431.460: [GC 925940K->524596K(1013312K), 0.0270780 secs]
432.654: [GC 925940K->524596K(1017088K), 0.0278330 secs]
433.568: [GC 937076K->524628K(1019136K), 0.0301290 secs]
435.152: [GC 937108K->524628K(1022848K), 0.0348220 secs]
435.820: [GC 947604K->524684K(1024704K), 0.0303860 secs]
437.119: [GC 947660K->524628K(1028544K), 0.0227070 secs]
437.804: [GC 956500K->524636K(1030400K), 0.0172020 secs]
439.690: [GC 956508K->537028K(1033728K), 0.0954960 secs]
440.435: [GC 975364K->543884K(1034560K), 0.0881160 secs]
441.131: [GC 982220K->550268K(1028352K), 0.1116850 secs]
441.870: [GC 980540K->556548K(1024512K), 0.1207020 secs]
442.613: [GC 986820K->563980K(1013184K), 0.1411390 secs]
443.340: [GC 970316K->569972K(1013952K), 0.1628910 secs]
444.054: [GC 976308K->575892K(994624K), 0.1678100 secs]
444.775: [GC 950740K->581404K(993920K), 0.1814750 secs]
445.536: [GC 956252K->586884K(978304K), 0.2166600 secs]
446.290: [GC 927172K->592844K(970752K), 0.2074510 secs]
446.958: [GC 933132K->597748K(960128K), 0.2225130 secs]
447.645: [GC 902068K->602052K(924736K), 0.2294980 secs]
448.500: [GC 906372K->606628K(969984K), 0.4378480 secs]
448.938: [Full GC 606628K->444513K(1040064K), 10.0519470 secs]
460.223: [GC 748449K->448897K(940672K), 0.1208270 secs]
461.456: [GC 752833K->453185K(1039424K), 0.1318620 secs]
462.598: [GC 758913K->458753K(952320K), 0.1740630 secs]
463.787: [GC 764481K->463041K(1041088K), 0.1935670 secs]
465.032: [GC 775553K->467601K(1036864K), 0.2664650 secs]
466.392: [GC 780113K->471881K(1044352K), 0.2032440 secs]
467.695: [GC 796041K->476545K(1041152K), 0.1931180 secs]
468.955: [GC 800705K->482649K(1053440K), 0.1678440 secs]
470.347: [GC 821657K->488021K(1051136K), 0.1431240 secs]
471.673: [GC 827029K->492957K(1059136K), 0.1403420 secs]
473.540: [GC 842909K->498709K(1056960K), 0.1829120 secs]
475.250: [GC 848661K->498717K(1063744K), 0.0845680 secs]
476.513: [GC 858461K->498717K(1061696K), 0.0304100 secs]
477.724: [GC 858461K->498749K(1069312K), 0.0337710 secs]
479.048: [GC 869309K->498749K(1067456K), 0.0756410 secs]
480.749: [GC 869309K->498717K(1074112K), 0.0542830 secs]
482.419: [GC 879837K->498717K(1072384K), 0.0433540 secs]
484.179: [GC 879837K->498717K(1079744K), 0.0560030 secs]
485.526: [GC 891229K->498717K(1078016K), 0.0503170 secs]
487.255: [GC 891229K->498781K(1085504K), 0.0340450 secs]
488.643: [GC 902813K->498781K(1083776K), 0.0347180 secs]
490.020: [GC 902813K->498749K(1091456K), 0.0507930 secs]
491.453: [GC 914109K->498781K(1089664K), 0.0380460 secs]
493.290: [GC 914141K->498813K(1097088K), 0.0330660 secs]
496.204: [GC 924797K->502653K(1095168K), 0.1403630 secs]
498.935: [GC 928637K->510205K(1100096K), 0.1832280 secs]
500.644: [GC 944189K->516485K(1099712K), 0.2233040 secs]
502.411: [GC 950469K->522573K(1099328K), 0.2357420 secs]
504.239: [GC 954381K->528765K(1094208K), 0.2724910 secs]
505.947: [GC 960573K->536133K(1084672K), 0.3202080 secs]
507.696: [GC 944773K->541901K(1084160K), 0.3510920 secs]
509.477: [GC 950541K->548053K(1067392K), 0.3778520 secs]
511.156: [GC 925717K->553437K(1064704K), 0.4632680 secs]
512.925: [GC 931101K->560005K(1049344K), 0.4373520 secs]
514.578: [GC 902853K->564909K(1041344K), 0.4887220 secs]
516.322: [GC 907757K->569781K(1034880K), 0.5064740 secs]
517.975: [GC 880245K->574221K(1000512K), 0.4775420 secs]
519.601: [GC 884685K->578653K(1041664K), 0.4574320 secs]
521.180: [GC 886493K->583109K(981376K), 0.4244400 secs]
522.677: [GC 890949K->588685K(1040128K), 0.3328410 secs]
524.153: [GC 901645K->593073K(1035008K), 0.3593560 secs]
525.579: [GC 906033K->597553K(1045888K), 0.3231900 secs]
527.007: [GC 924849K->602433K(1043264K), 0.2396520 secs]
528.399: [GC 929729K->607093K(1054656K), 0.2395920 secs]
529.760: [GC 947765K->613141K(1053312K), 0.2020830 secs]
531.155: [GC 953813K->617853K(1059328K), 0.1912120 secs]
532.530: [GC 965757K->623093K(1058688K), 0.1523910 secs]
532.683: [Full GC 623093K->485948K(1122240K), 7.4777790 secs]
542.175: [GC 833852K->490236K(1125056K), 0.0841930 secs]
543.427: [GC 843516K->490252K(1124672K), 0.0855340 secs]
545.465: [GC 843532K->490252K(1127744K), 0.0364330 secs]
547.827: [GC 849804K->490284K(1127808K), 0.0224770 secs]
549.801: [GC 849836K->490284K(1129856K), 0.0251430 secs]
551.693: [GC 856940K->490284K(1130240K), 0.0402670 secs]
552.938: [GC 856940K->490284K(1134080K), 0.0295590 secs]
554.174: [GC 866796K->490252K(1134592K), 0.0332500 secs]
556.710: [GC 866764K->490316K(1139392K), 0.0328380 secs]
558.697: [GC 878028K->490316K(1139968K), 0.0238610 secs]
559.981: [GC 878028K->490316K(1145216K), 0.0236140 secs]
561.750: [GC 889740K->490316K(1145792K), 0.0273800 secs]
563.080: [GC 889740K->490316K(1151296K), 0.0348230 secs]
564.452: [GC 901452K->490316K(1151808K), 0.0292780 secs]
565.859: [GC 901452K->490284K(1157248K), 0.0463740 secs]
567.273: [GC 912620K->490284K(1157696K), 0.0417150 secs]
568.722: [GC 912620K->490332K(1162816K), 0.0252540 secs]
570.864: [GC 923100K->490308K(1163200K), 0.0323770 secs]
575.068: [GC 923076K->499116K(1169600K), 0.2251870 secs]
576.949: [GC 940588K->505620K(1168640K), 0.1792110 secs]
578.669: [GC 947092K->511876K(1165952K), 0.2569320 secs]
580.465: [GC 949316K->518124K(1161152K), 0.2578450 secs]
582.167: [GC 955564K->524404K(1152384K), 0.3194150 secs]
583.993: [GC 940212K->530396K(1151808K), 0.3291960 secs]
585.796: [GC 946204K->536324K(1135424K), 0.3740100 secs]
587.490: [GC 922564K->541964K(1133760K), 0.4136080 secs]
589.220: [GC 928204K->547540K(1118400K), 0.5162460 secs]
590.909: [GC 900372K->552636K(1111040K), 0.4718850 secs]
592.725: [GC 905468K->557748K(1101184K), 0.5028490 secs]
594.376: [GC 876276K->562356K(1071104K), 0.5256350 secs]
595.993: [GC 880884K->566948K(1108224K), 0.4728560 secs]
597.678: [GC 881252K->571444K(1051136K), 0.3802450 secs]
599.140: [GC 885748K->576044K(1107968K), 0.3431890 secs]
600.663: [GC 895532K->580564K(1102784K), 0.2863410 secs]
602.021: [GC 900052K->585132K(1111616K), 0.2635570 secs]
603.479: [GC 917036K->589764K(1108928K), 0.2397920 secs]
604.857: [GC 921668K->594812K(1120896K), 0.2222560 secs]
606.296: [GC 940604K->600188K(1119360K), 0.2320870 secs]
607.670: [GC 945980K->605140K(1125440K), 0.1612920 secs]
609.079: [GC 958228K->610164K(1124672K), 0.1301190 secs]
610.520: [GC 963252K->615548K(1127552K), 0.1497430 secs]
613.326: [GC 974460K->617044K(1127360K), 0.1303100 secs]
614.627: [GC 975956K->617060K(1130944K), 0.0647510 secs]
615.877: [GC 982564K->617028K(1130816K), 0.0598600 secs]
617.616: [GC 982532K->617060K(1133248K), 0.0408700 secs]
618.867: [GC 989476K->617028K(1133376K), 0.0578990 secs]
621.340: [GC 989444K->617028K(1137024K), 0.0665130 secs]
623.137: [GC 998596K->617028K(1137344K), 0.0409840 secs]
624.647: [GC 998596K->617028K(1142144K), 0.0468340 secs]
625.971: [GC 1009220K->617028K(1142464K), 0.0471130 secs]
627.435: [GC 1009220K->617060K(1147584K), 0.0580560 secs]
629.275: [GC 1020324K->617092K(1147904K), 0.0838980 secs]
631.640: [GC 1020356K->617060K(1153408K), 0.0387270 secs]
633.016: [GC 1031524K->617060K(1153664K), 0.0384000 secs]
634.921: [GC 1031524K->617060K(1159168K), 0.0500450 secs]
639.621: [GC 1042276K->628324K(1159296K), 0.1939510 secs]
641.212: [GC 1053540K->632772K(1165504K), 0.2873150 secs]
642.944: [GC 1065220K->638972K(1150272K), 0.2498470 secs]
644.773: [GC 1071420K->645228K(1156544K), 0.2932830 secs]
646.577: [GC 1065644K->651188K(1150464K), 0.3065170 secs]
648.330: [GC 1071604K->658300K(1141632K), 0.3569750 secs]
650.047: [GC 1054268K->663948K(1138752K), 0.3664320 secs]
651.834: [GC 1059916K->669556K(1124992K), 0.4178790 secs]
653.572: [GC 1034548K->674780K(1118592K), 0.4420230 secs]
655.263: [GC 1039772K->681324K(1107264K), 0.5115220 secs]
656.940: [GC 1012396K->686012K(1086720K), 0.4919270 secs]
658.660: [GC 1017084K->690836K(1108864K), 0.4587410 secs]
660.188: [GC 1009492K->695476K(1058752K), 0.4224660 secs]
661.862: [GC 1014132K->699852K(1113920K), 0.3771140 secs]
663.407: [GC 1025036K->705620K(1051840K), 0.3232730 secs]
664.831: [GC 1030804K->710260K(1110784K), 0.2791260 secs]
665.110: [Full GC 710260K->520183K(1162368K), 13.2984060 secs]
679.724: [GC 852215K->524951K(1159424K), 0.1117090 secs]
680.948: [GC 856983K->529751K(1175488K), 0.1359570 secs]
682.230: [GC 877463K->534751K(1174208K), 0.1721110 secs]
683.664: [GC 882463K->539975K(1175936K), 0.1750990 secs]
685.011: [GC 891207K->546231K(1174592K), 0.1365060 secs]
686.338: [GC 897463K->551387K(1178752K), 0.1476270 secs]
688.022: [GC 909531K->557019K(1177472K), 0.2103710 secs]
689.470: [GC 915163K->557107K(1182784K), 0.1299780 secs]
691.863: [GC 922995K->557051K(1181120K), 0.0372080 secs]
693.094: [GC 922939K->557051K(1186688K), 0.0618730 secs]
694.861: [GC 931323K->557051K(1185216K), 0.0366840 secs]
696.115: [GC 931323K->557083K(1190592K), 0.0502680 secs]
697.528: [GC 940507K->557115K(1189248K), 0.0583620 secs]
698.875: [GC 940539K->557115K(1195584K), 0.0686950 secs]
700.320: [GC 951035K->557083K(1194240K), 0.0475010 secs]
701.770: [GC 951003K->557115K(1201152K), 0.0620250 secs]
703.323: [GC 961979K->557115K(1199744K), 0.0422830 secs]
704.901: [GC 961979K->557147K(1206656K), 0.0579280 secs]
706.613: [GC 972763K->557115K(1205184K), 0.0602620 secs]
708.139: [GC 972731K->557115K(1212096K), 0.0575180 secs]
710.225: [GC 983163K->557147K(1210560K), 0.0790960 secs]
712.188: [GC 983195K->557115K(1217344K), 0.0579100 secs]
713.939: [GC 993019K->557147K(1215808K), 0.0611660 secs]
715.670: [GC 993051K->557123K(1222208K), 0.0613660 secs]
724.873: [GC 1001987K->567355K(1220608K), 0.6301180 secs]
727.846: [GC 1012219K->574147K(1223616K), 0.2525720 secs]
729.824: [GC 1021955K->580531K(1218752K), 0.2459400 secs]
731.584: [GC 1028339K->586907K(1210624K), 0.3354000 secs]
733.345: [GC 1015131K->593155K(1211776K), 0.3199590 secs]
735.207: [GC 1021379K->599211K(1191936K), 0.3848780 secs]
737.079: [GC 998763K->604979K(1194880K), 0.3758200 secs]
738.918: [GC 1004531K->610691K(1175424K), 0.4240770 secs]
740.682: [GC 976835K->615891K(1172352K), 0.4402080 secs]
742.357: [GC 982035K->621059K(1159040K), 0.4964450 secs]
744.096: [GC 952387K->625835K(1137216K), 0.5066910 secs]
745.832: [GC 957163K->630531K(1162176K), 0.4588630 secs]
747.395: [GC 951491K->635051K(1110208K), 0.4137680 secs]
748.995: [GC 956011K->639619K(1165376K), 0.3960880 secs]
750.484: [GC 966531K->644355K(1159808K), 0.4093790 secs]
751.991: [GC 971267K->648971K(1164544K), 0.2764810 secs]
753.459: [GC 984587K->653955K(1161728K), 0.2554560 secs]
755.009: [GC 989571K->658891K(1174720K), 0.2254600 secs]
756.419: [GC 1009611K->663987K(1173120K), 0.2009820 secs]
757.998: [GC 1014707K->669235K(1179712K), 0.1753000 secs]
759.381: [GC 1027699K->674483K(1179008K), 0.1376520 secs]
760.816: [GC 1032947K->679923K(1181888K), 0.1455250 secs]
762.546: [GC 1044019K->683763K(1181632K), 0.1884050 secs]
764.026: [GC 1047859K->683811K(1185216K), 0.0745990 secs]
765.338: [GC 1054051K->683787K(1184576K), 0.0445430 secs]
766.611: [GC 1054027K->683787K(1187712K), 0.0663770 secs]
768.619: [GC 1060747K->683787K(1187328K), 0.0614590 secs]
769.913: [GC 1060747K->683787K(1191296K), 0.0448030 secs]
771.251: [GC 1069323K->683787K(1191040K), 0.0764160 secs]
773.528: [GC 1069323K->683819K(1195968K), 0.0721310 secs]
775.797: [GC 1079403K->683787K(1195776K), 0.0842570 secs]
777.525: [GC 1079371K->683819K(1201280K), 0.0687720 secs]
778.954: [GC 1090091K->683819K(1201088K), 0.0448880 secs]
780.574: [GC 1090091K->683819K(1206784K), 0.0709800 secs]
782.516: [GC 1100715K->683851K(1206528K), 0.0712660 secs]
784.474: [GC 1100747K->683851K(1212096K), 0.0801680 secs]
789.497: [GC 1110923K->693291K(1211712K), 0.2697130 secs]
791.393: [GC 1120363K->699627K(1216704K), 0.2821230 secs]
793.279: [GC 1133291K->705835K(1217536K), 0.2409110 secs]
795.131: [GC 1139499K->711963K(1208960K), 0.2694290 secs]
796.930: [GC 1134299K->718115K(1204160K), 0.3024630 secs]
798.717: [GC 1140451K->724211K(1194304K), 0.3756840 secs]
800.476: [GC 1121971K->729979K(1191424K), 0.3709650 secs]
802.316: [GC 1127739K->735691K(1177728K), 0.4022970 secs]
804.057: [GC 1102859K->741075K(1171904K), 0.4274060 secs]
805.821: [GC 1108243K->746267K(1160832K), 0.4546250 secs]
807.428: [GC 1080411K->750979K(1139264K), 0.5055630 secs]
809.200: [GC 1085123K->755771K(1163136K), 0.4682080 secs]
810.900: [GC 1079163K->760355K(1113024K), 0.4189180 secs]
812.479: [GC 1083747K->764979K(1167040K), 0.3559780 secs]
814.123: [GC 1094451K->769739K(1161600K), 0.3238100 secs]
814.447: [Full GC 769739K->575463K(1230144K), 8.3132060 secs]
824.141: [GC 904935K->580231K(1230848K), 0.1053260 secs]
825.388: [GC 914375K->585223K(1231168K), 0.1473820 secs]
826.695: [GC 919367K->589959K(1240064K), 0.1714320 secs]
828.176: [GC 938567K->594983K(1241600K), 0.1909520 secs]
829.557: [GC 943591K->600319K(1245696K), 0.1718300 secs]
831.004: [GC 957503K->605359K(1246784K), 0.1585800 secs]
832.366: [GC 962543K->610503K(1248192K), 0.1547610 secs]
834.273: [GC 974407K->616527K(1249536K), 0.1391050 secs]
835.768: [GC 980431K->616451K(1253504K), 0.0886140 secs]
837.811: [GC 988995K->616467K(1253952K), 0.0554380 secs]
839.366: [GC 989011K->616467K(1256896K), 0.0389890 secs]
841.456: [GC 996883K->616467K(1257600K), 0.0465190 secs]
842.818: [GC 996883K->616499K(1260672K), 0.0562490 secs]
844.338: [GC 1005811K->616467K(1261504K), 0.0363180 secs]
846.129: [GC 1005779K->616467K(1265472K), 0.0427390 secs]
847.878: [GC 1015955K->616499K(1266368K), 0.0623540 secs]
849.765: [GC 1015987K->616467K(1270912K), 0.0429430 secs]
852.248: [GC 1026643K->616499K(1271744K), 0.0471020 secs]
854.765: [GC 1026675K->616499K(1276288K), 0.0379170 secs]
856.190: [GC 1037171K->616499K(1277120K), 0.0407830 secs]
858.590: [GC 1037171K->616499K(1281664K), 0.0370640 secs]
860.776: [GC 1047283K->616499K(1282432K), 0.0369030 secs]
862.236: [GC 1047283K->616499K(1286784K), 0.0399280 secs]
864.375: [GC 1056755K->616499K(1287424K), 0.0390730 secs]
867.733: [GC 1056755K->619483K(1290496K), 0.1325440 secs]
872.816: [GC 1068443K->631507K(1291584K), 0.2898820 secs]
874.626: [GC 1080467K->638459K(1288576K), 0.2382260 secs]
876.508: [GC 1082427K->645011K(1288512K), 0.2944320 secs]
878.455: [GC 1088979K->651451K(1272000K), 0.3365870 secs]
880.324: [GC 1070715K->657507K(1276288K), 0.3504450 secs]
882.223: [GC 1076771K->663571K(1252352K), 0.4146320 secs]
884.171: [GC 1050963K->669027K(1255872K), 0.4457860 secs]
886.123: [GC 1056419K->674571K(1237824K), 0.4630330 secs]
887.780: [GC 1027019K->679675K(1231552K), 0.4779300 secs]
889.580: [GC 1032123K->684715K(1222528K), 0.5090580 secs]
891.770: [GC 1004011K->689267K(1186176K), 0.5728760 secs]
893.775: [GC 1008563K->693747K(1232768K), 0.4315900 secs]
895.691: [GC 1014963K->698315K(1171968K), 0.3603320 secs]
897.280: [GC 1019531K->702859K(1228096K), 0.3487430 secs]
898.760: [GC 1028171K->707411K(1224000K), 0.2773190 secs]
900.536: [GC 1032723K->712043K(1237696K), 0.2521150 secs]
902.465: [GC 1053931K->716883K(1235584K), 0.2368250 secs]
904.227: [GC 1058771K->721827K(1244992K), 0.2148400 secs]
905.697: [GC 1074787K->726995K(1243776K), 0.1743290 secs]
907.181: [GC 1079955K->732291K(1249024K), 0.1410830 secs]
908.536: [GC 1092099K->737827K(1248384K), 0.1533350 secs]
909.999: [GC 1097635K->743043K(1250560K), 0.1636230 secs]
911.729: [GC 1108611K->748147K(1250176K), 0.1624920 secs]
913.116: [GC 1113715K->748147K(1255040K), 0.0875260 secs]
914.439: [GC 1121395K->748155K(1253952K), 0.0596580 secs]
916.740: [GC 1121403K->748155K(1258368K), 0.0515550 secs]
918.106: [GC 1129083K->748155K(1257472K), 0.0562830 secs]
919.393: [GC 1129083K->748155K(1262208K), 0.0567950 secs]
920.716: [GC 1137915K->748155K(1261376K), 0.0540350 secs]
922.055: [GC 1137915K->748155K(1267008K), 0.0497140 secs]
923.522: [GC 1147963K->748155K(1266176K), 0.0470510 secs]
925.983: [GC 1147963K->748155K(1272256K), 0.0564440 secs]
928.052: [GC 1158459K->748187K(1271424K), 0.0464440 secs]
929.941: [GC 1158491K->748187K(1277632K), 0.0624070 secs]
932.392: [GC 1168859K->748187K(1276736K), 0.0547690 secs]
934.222: [GC 1168859K->748187K(1282816K), 0.0609580 secs]
935.679: [GC 1178779K->748187K(1281856K), 0.0466050 secs]
937.128: [GC 1178779K->748187K(1287808K), 0.0500390 secs]
939.854: [GC 1188123K->748251K(1286784K), 0.0769230 secs]
942.813: [GC 1188187K->752211K(1292096K), 0.2275070 secs]
946.812: [GC 1201043K->762587K(1291328K), 0.2522280 secs]
948.676: [GC 1211419K->769011K(1289728K), 0.2328300 secs]
950.486: [GC 1214515K->775451K(1288768K), 0.2664640 secs]
952.340: [GC 1220955K->781763K(1274688K), 0.2997720 secs]
954.184: [GC 1203971K->787851K(1277888K), 0.3279310 secs]
956.099: [GC 1210059K->793851K(1254592K), 0.3741690 secs]
957.868: [GC 1185083K->799435K(1258432K), 0.4540920 secs]
959.599: [GC 1190667K->805083K(1239488K), 0.4335350 secs]
961.313: [GC 1161755K->810115K(1234560K), 0.4573280 secs]
963.121: [GC 1166787K->815119K(1225600K), 0.4859690 secs]
966.517: [GC 1139663K->820322K(1192064K), 0.5240060 secs]
969.627: [GC 1144866K->826034K(1233472K), 0.4389770 secs]
972.334: [GC 1149810K->831810K(1177856K), 0.4662560 secs]
975.091: [GC 1155586K->837386K(1232000K), 0.6985710 secs]
975.790: [Full GC 837386K->641256K(1313792K), 16.4085830 secs]
994.526: [GC 969896K->647048K(1308928K), 0.1351840 secs]
997.317: [GC 975688K->652808K(1321472K), 0.2746090 secs]
1000.303: [GC 993864K->658856K(1319808K), 0.3431140 secs]
